data/saved_data/run_2025_04_03_2018_testingbracketgraphagain/firm_data.csv
Step,AgentID,FirmType,Profit,Inventory,ProductPrice,RevenuePerEmployee,ProductionLevel,NumEmployees,EntryWage,DemandReceived,InventoryDemandRatio,SellThroughRate,ProductionCost,ProductionCapacity,Revenue,Costs,IncomeBracket,NumPeople,SpendRatio,IncomeTaxRate,PostTaxIncome,HouseholdExpense,HouseholdSavings,HealthLevel,Welfare,SkillLevel,SkillType,JobLevel,IsEmployed,Wage
4,7,necessity,-72032.20621926179,10812.0,51.62308108719216,0.0,0.1,36.0,20918.0,1908.0,,,3.6316991100813274,6307.0,0.0,72032.20621926179,,,,,,,,,,,,,0,
5,7,necessity,315431.43618450756,9535.0,245.10957942554518,13024.642154342584,0.1,37.0,20918.0,156.0,,,3.6316991100813274,6307.0,468887.117556333,153455.68137182546,,,,,,,,,,,,,0,
6,7,necessity,-159029.5945640537,10010.0,337.3854844538148,1426.390924334822,0.1,36.0,20918.0,692.0,,,3.6316991100813274,6307.0,52776.464200388415,211806.0587644421,,,,,,,,,,,,,0,
7,7,necessity,13046.877454471542,9949.0,203.02451198893777,3905.5657627665732,0.1,37.0,20918.0,1751.0,,,3.6316991100813274,6307.0,140600.36745959663,127553.49000512509,,,,,,,,,,,,,0,
8,7,necessity,386276.82548084867,8829.0,344.2738781286409,16281.948463658251,0.1,38.0,20918.0,585.0,,,3.6316991100813274,6307.0,602432.0931553553,216155.2676745066,,,,,,,,,,,,,0,
9,7,necessity,-24442.237656501413,8875.0,570.7272364037444,8779.638992175378,0.1,37.0,20918.0,738.0,,,3.6316991100813274,6307.0,333626.2817026644,358068.5193591658,,,,,,,,,,,,,0,
10,7,necessity,38108.59735352037,8768.0,344.23531256641814,6871.9963521088375,0.1,36.0,20918.0,743.0,,,3.6316991100813274,6307.0,254263.86502802698,216155.2676745066,,,,,,,,,,,,,0,
11,7,necessity,23374.836284664867,8656.0,203.2819860378351,4192.453508049721,0.1,35.0,20918.0,454.0,,,3.6316991100813274,6307.0,150928.32628978995,127553.49000512509,,,,,,,,,,,,,0,
12,7,necessity,-19131.908979473315,8833.0,110.04224779889081,1430.6058180867174,0.1,34.0,20918.0,1106.0,,,3.6316991100813274,6307.0,50071.20363303511,69203.11261250843,,,,,,,,,,,,,0,
13,7,necessity,541327.0595417689,8358.0,1133.2309847490726,36906.78416706559,0.1,35.0,20918.0,0.0,,,3.6316991100813274,6307.0,1254830.6616802302,713503.6021384613,,,,,,,,,,,,,0,
14,7,necessity,-66386.49174823308,8989.0,105.38147593982414,0.0,0.1,34.0,20918.0,1490.0,,,3.6316991100813274,6307.0,0.0,66386.49174823308,,,,,,,,,,,,,0,
15,7,necessity,974086.6082044633,8130.0,1131.9597651546367,49635.0061865566,0.1,35.0,20918.0,29.0,,,3.6316991100813274,6307.0,1687590.2103429246,713503.6021384613,,,,,,,,,,,,,0,
16,7,necessity,-52565.96944261814,8732.0,87.39342127468065,72.43103552732622,0.1,34.0,20918.0,5646.0,,,3.6316991100813274,6307.0,2535.0862434564174,55101.05568607456,,,,,,,,,,,,,0,
17,7,necessity,5675834.443712686,3717.0,1131.7028082671031,187921.7072309161,0.1,35.0,20918.0,289.0,,,3.6316991100813274,6307.0,6389338.045851148,713503.6021384613,,,,,,,,,,,,,0,
18,7,necessity,-30505.299435976394,4059.0,89.33171383680028,737.6557583846635,0.1,34.0,20918.0,1328.0,,,3.6316991100813274,6307.0,25817.951543463223,56323.25097943962,,,,,,,,,,,,,0,
19,7,necessity,789334.5000894617,3362.0,1131.5194997580697,44201.12065376244,0.1,35.0,20918.0,78.0,,,3.6316991100813274,6307.0,1502838.102227923,713503.6021384613,,,,,,,,,,,,,0,
20,7,necessity,-59321.65718849349,3915.0,107.33014725503305,239.2498051842069,0.1,34.0,20918.0,2160.0,,,3.6316991100813274,6307.0,8373.743181447242,67695.40036994073,,,,,,,,,,,,,0,
21,7,necessity,1729997.199936021,2386.0,1131.225378874696,71867.67064924947,0.1,35.0,20918.0,225.0,,,3.6316991100813274,6307.0,2443500.802074482,713503.6021384613,,,,,,,,,,,,,0,
22,7,necessity,-41504.8846513038,2792.0,102.27619103133307,657.6140131761988,0.1,34.0,20918.0,1571.0,,,3.6316991100813274,6307.0,23016.49046116696,64521.37511247076,,,,,,,,,,,,,0,
4,8,necessity,-68029.48995972451,16914.0,31.162193822819322,0.0,0.1,110.0,24351.0,2451.0,,,2.0168668744443856,7504.0,0.0,68029.48995972451,,,,,,,,,,,,,0,
5,8,necessity,365294.02134932665,15213.0,213.2177807640825,4763.2534477691115,0.1,111.0,24351.0,315.0,,,2.0168668744443856,7504.0,523957.87925460225,158663.8579052756,,,,,,,,,,,,,0,
6,8,necessity,-129342.44941252496,15648.0,301.04601732504835,855.3222350911311,0.1,110.0,24351.0,1019.0,,,2.0168668744443856,7504.0,94940.76809511555,224283.2175076405,,,,,,,,,,,,,0,
7,8,necessity,48070.91458374745,15379.0,175.274671077411,1625.3018725149623,0.1,111.0,24351.0,887.0,,,2.0168668744443856,7504.0,178783.20597664584,130712.29139289839,,,,,,,,,,,,,0,
8,8,necessity,44730.72544336197,15242.0,316.9618728954353,2530.6918665067806,0.1,112.0,24351.0,1226.0,,,2.0168668744443856,7504.0,280906.79718225263,236176.07173889066,,,,,,,,,,,,,0,
9,8,necessity,248398.37921871134,14766.0,515.8829140913493,5654.426918437481,0.1,113.0,24351.0,65.0,,,2.0168668744443856,7504.0,633295.8148649979,384897.4356462865,,,,,,,,,,,,,0,
10,8,necessity,-410010.5592649174,15451.0,600.5771007701062,346.27612108080507,0.1,112.0,24351.0,220.0,,,2.0168668744443856,7504.0,39129.20168213097,449139.7609470484,,,,,,,,,,,,,0,
11,8,necessity,-212041.96349948965,15981.0,400.9614817742518,789.0752994657399,0.1,113.0,24351.0,959.0,,,2.0168668744443856,7504.0,88376.43354016288,300418.3970396525,,,,,,,,,,,,,0,
12,8,necessity,109689.61017403839,15772.0,522.9153242152028,4438.062282068729,0.1,114.0,24351.0,661.0,,,2.0168668744443856,7504.0,501501.0378737663,391811.42769972794,,,,,,,,,,,,,0,
13,8,necessity,-64579.57277906162,15861.0,731.3335791732163,4241.465800705051,0.1,113.0,24351.0,0.0,,,2.0168668744443856,7504.0,483527.10128037585,548106.6740594375,,,,,,,,,,,,,0,
14,8,necessity,-391811.42769972794,16611.0,522.5840159292572,0.0,0.1,112.0,24351.0,403.0,,,2.0168668744443856,7504.0,0.0,391811.42769972794,,,,,,,,,,,,,0,
15,8,necessity,-138941.4259197551,16958.0,400.6419790303863,1441.7586707133698,0.1,113.0,24351.0,209.0,,,2.0168668744443856,7504.0,161476.9711198974,300418.3970396525,,,,,,,,,,,,,0,
16,8,necessity,-313416.4131261759,17499.0,579.4418554208712,1071.8123083850774,0.1,112.0,24351.0,571.0,,,2.0168668744443856,7504.0,121114.79084751374,434531.2039736896,,,,,,,,,,,,,0,
17,8,necessity,-78508.48899629031,17678.0,438.77936854135476,2237.1333449232766,0.1,113.0,24351.0,226.0,,,2.0168668744443856,7504.0,250558.93463140697,329067.4236276973,,,,,,,,,,,,,0,
18,8,necessity,-299495.4535265296,18202.0,571.5913012955973,1143.197457711331,0.1,112.0,24351.0,48.0,,,2.0168668744443856,7504.0,129181.31272138041,428676.76624791,,,,,,,,,,,,,0,
19,8,necessity,-308006.28756110393,18904.0,438.7642606996049,188.0458577374405,0.1,111.0,24351.0,281.0,,,2.0168668744443856,7504.0,21061.13606659334,329067.4236276973,,,,,,,,,,,,,0,
20,8,necessity,-121910.33902214559,19373.0,259.9406285103419,658.0565555992308,0.1,112.0,24351.0,1705.0,,,2.0168668744443856,7504.0,73044.27767151462,194954.6166936602,,,,,,,,,,,,,0,
21,8,necessity,391638.70737773157,18418.0,410.0913844863238,6242.910399953485,0.1,113.0,24351.0,0.0,,,2.0168668744443856,7504.0,699205.9647947903,307567.2574170587,,,,,,,,,,,,,0,
22,8,necessity,-410759.0609217136,19168.0,547.6804584311377,0.0,0.1,112.0,24351.0,330.0,,,2.0168668744443856,7504.0,0.0,410759.0609217136,,,,,,,,,,,,,0,
4,9,necessity,-33603.837773220126,9583.0,42.44584755502046,460.2653312023501,0.1,48.0,20034.0,0.0,,,3.0643311875530204,5533.0,21632.470566510456,55236.30833973058,,,,,,,,,,,,,0,
5,9,necessity,-136625.6663721237,10136.0,248.74889022850735,0.0,0.1,47.0,20034.0,166.0,,,3.0643311875530204,5533.0,0.0,136625.6663721237,,,,,,,,,,,,,0,
6,9,necessity,-36912.954669154446,10523.0,95.89087853630043,340.1773043757604,0.1,48.0,20034.0,1624.0,,,3.0643311875530204,5533.0,15988.333305660739,52901.28797481518,,,,,,,,,,,,,0,
7,9,necessity,287874.70505827497,9452.0,268.55620560053006,9082.90487659927,0.1,49.0,20034.0,517.0,,,3.0643311875530204,5533.0,435979.43407676497,148104.72901849,,,,,,,,,,,,,0,
8,9,necessity,-13426.064286177017,9488.0,389.49013675941563,4107.830356280813,0.1,48.0,20034.0,158.0,,,3.0643311875530204,5533.0,201283.68745775986,214709.75174393688,,,,,,,,,,,,,0,
9,9,necessity,-85253.7833572347,9883.0,216.41266045931212,713.5943196464036,0.1,47.0,20034.0,0.0,,,3.0643311875530204,5533.0,34252.527343027374,119506.31070026207,,,,,,,,,,,,,0,
10,9,necessity,-68299.59787216371,10436.0,123.58642046329085,0.0,0.1,46.0,20034.0,3418.0,,,3.0643311875530204,5533.0,0.0,68299.59787216371,,,,,,,,,,,,,0,
11,9,necessity,4786897.988565455,7571.0,1670.23957019665,124133.83834156896,0.1,47.0,20034.0,76.0,,,3.0643311875530204,5533.0,5710156.563712172,923258.5751467168,,,,,,,,,,,,,0,
12,9,necessity,-48539.45798575145,8048.0,101.79834946391178,164.62720398683823,0.1,46.0,20034.0,646.0,,,3.0643311875530204,5533.0,7737.478587381397,56276.93657313284,,,,,,,,,,,,,0,
13,9,necessity,155604.07110800105,7955.0,1669.9879120500473,23453.53578814604,0.1,47.0,20034.0,270.0,,,3.0643311875530204,5533.0,1078862.6462547178,923258.5751467168,,,,,,,,,,,,,0,
14,9,necessity,-29688.8928588337,8238.0,104.96071279947384,602.9737878671709,0.1,46.0,20034.0,3604.0,,,3.0643311875530204,5533.0,28339.768029757033,58028.66088859073,,,,,,,,,,,,,0,
15,9,necessity,5095298.119430673,5187.0,1669.944761355772,130838.18901255196,0.1,47.0,20034.0,191.0,,,3.0643311875530204,5533.0,6018556.69457739,923258.5751467168,,,,,,,,,,,,,0,
16,9,necessity,-38711.3416086567,5549.0,106.97009793311005,434.73426624988224,0.1,46.0,20034.0,0.0,,,3.0643311875530204,5533.0,20432.510513744466,59143.85212240117,,,,,,,,,,,,,0,
17,9,necessity,-923258.5751467168,6102.0,1669.6801452552695,0.0,0.1,45.0,20034.0,94.0,,,3.0643311875530204,5533.0,0.0,923258.5751467168,,,,,,,,,,,,,0,
18,9,necessity,-749680.3338947394,6561.0,1633.3504626100278,3412.094250043942,0.1,46.0,20034.0,249.0,,,3.0643311875530204,5533.0,153544.2412519774,903224.5751467168,,,,,,,,,,,,,0,
19,9,necessity,-33674.84106890399,6865.0,110.77601188380953,599.6383957437276,0.1,45.0,20034.0,1127.0,,,3.0643311875530204,5533.0,27583.366204211474,61258.20727311546,,,,,,,,,,,,,0,
20,9,necessity,937552.1102969714,6291.0,1633.3409837870452,40906.14856541529,0.1,46.0,20034.0,292.0,,,3.0643311875530204,5533.0,1840776.6854436882,903224.5751467168,,,,,,,,,,,,,0,
21,9,necessity,-23828.592876280647,6552.0,91.30000704252683,579.556984256391,0.1,45.0,20034.0,408.0,,,3.0643311875530204,5533.0,26659.62127579399,50488.21415207464,,,,,,,,,,,,,0,
22,9,necessity,-236821.93177285453,6697.0,1633.3319984810414,14808.947630530272,0.1,46.0,20034.0,144.0,,,3.0643311875530204,5533.0,666402.6433738623,903224.5751467168,,,,,,,,,,,,,0,
4,11,necessity,-78142.1460643813,12852.0,47.113746152114295,0.0,0.1,61.0,23107.0,0.0,,,3.197544843080358,7685.0,0.0,78142.1460643813,,,,,,,,,,,,,0,
5,11,necessity,-161047.70664035768,13620.0,210.4681728538969,0.0,0.1,62.0,23107.0,435.0,,,3.197544843080358,7685.0,0.0,161047.70664035768,,,,,,,,,,,,,0,
6,11,necessity,-95598.10941365265,13953.0,289.0493045406849,2031.3542716943105,0.1,63.0,23107.0,65.0,,,3.197544843080358,7685.0,125943.96484504725,221542.0742586999,,,,,,,,,,,,,0,
7,11,necessity,-353174.2060003967,14656.0,503.2371429411552,519.4748935878494,0.1,62.0,23107.0,175.0,,,3.197544843080358,7685.0,32726.918296034506,385901.1242964312,,,,,,,,,,,,,0,
8,11,necessity,-170983.95487789667,15249.0,288.66302570602255,815.453538400052,0.1,63.0,23107.0,1057.0,,,3.197544843080358,7685.0,50558.119380803226,221542.0742586999,,,,,,,,,,,,,0,
9,11,necessity,142565.99534978543,14960.0,492.46623626420273,8261.64428295297,0.1,64.0,23107.0,735.0,,,3.197544843080358,7685.0,520483.58982603706,377917.59447625163,,,,,,,,,,,,,0,
10,11,necessity,-18394.895391934784,14993.0,567.845877168112,6520.588297637772,0.1,63.0,23107.0,68.0,,,3.197544843080358,7685.0,417317.6510488174,435712.54644075216,,,,,,,,,,,,,0,
11,11,necessity,-254581.746962873,15693.0,363.8677479391435,392.94094064011705,0.1,62.0,23107.0,1747.0,,,3.197544843080358,7685.0,24755.279260327374,279337.0262232004,,,,,,,,,,,,,0,
12,11,necessity,246876.6449685573,14714.0,252.07666344800822,7103.302256423619,0.1,63.0,23107.0,260.0,,,3.197544843080358,7685.0,440404.73989826435,193528.09492970706,,,,,,,,,,,,,0,
13,11,necessity,-193676.3424827357,15222.0,381.41867916397234,1574.2446002836105,0.1,62.0,23107.0,1220.0,,,3.197544843080358,7685.0,99177.40981786746,292853.75230060314,,,,,,,,,,,,,0,
14,11,necessity,113978.91304216156,14770.0,252.04514159481425,4959.790451159171,0.1,63.0,23107.0,1661.0,,,3.197544843080358,7685.0,307507.0079718686,193528.09492970706,,,,,,,,,,,,,0,
15,11,necessity,337145.1299577986,13877.0,377.4831914246693,9952.045984869517,0.1,64.0,23107.0,0.0,,,3.197544843080358,7685.0,626978.8970467796,289833.76708898105,,,,,,,,,,,,,0,
16,11,necessity,-387502.16391122603,14645.0,504.6558441299328,0.0,0.1,63.0,23107.0,0.0,,,3.197544843080358,7685.0,0.0,387502.16391122603,,,,,,,,,,,,,0,
17,11,necessity,-291196.491751952,15413.0,379.1800837507295,0.0,0.1,64.0,23107.0,410.0,,,3.197544843080358,7685.0,0.0,291196.491751952,,,,,,,,,,,,,0,
18,11,necessity,-175387.9822448556,15771.0,489.94763831901,3138.80894760532,0.1,65.0,23107.0,253.0,,,3.197544843080358,7685.0,200883.7726467405,376271.7548915961,,,,,,,,,,,,,0,
19,11,necessity,-352157.1643640166,16286.0,683.8155169711769,2661.645966497531,0.1,64.0,23107.0,454.0,,,3.197544843080358,7685.0,173006.98782233952,525164.1521863561,,,,,,,,,,,,,0,
20,11,necessity,-153837.66339670774,16600.0,489.9397685923513,3475.5326796076306,0.1,65.0,23107.0,170.0,,,3.197544843080358,7685.0,222434.09149488836,376271.7548915961,,,,,,,,,,,,,0,
21,11,necessity,-409991.12756470055,17198.0,685.6076376373403,1793.1300383056944,0.1,64.0,23107.0,109.0,,,3.197544843080358,7685.0,116553.45248987013,526544.5800545707,,,,,,,,,,,,,0,
22,11,necessity,-322868.3905788998,17857.0,489.9380537893704,834.4275673858796,0.1,63.0,23107.0,551.0,,,3.197544843080358,7685.0,53403.36431269629,376271.7548915961,,,,,,,,,,,,,0,
4,12,necessity,-73878.52530368738,13678.0,41.84655256587978,0.0,0.1,66.0,22973.0,9259.0,,,2.4224647706041385,6868.0,0.0,73878.52530368738,,,,,,,,,,,,,0,
5,12,necessity,1993075.7495914018,5106.0,232.43723460889794,32591.19405732702,0.1,67.0,22973.0,118.0,,,2.4224647706041385,6868.0,2151018.807783583,157943.0581921813,,,,,,,,,,,,,0,
6,12,necessity,-183740.71292732202,5675.0,325.9780768383655,576.310230283836,0.1,66.0,22973.0,566.0,,,2.4224647706041385,6868.0,38612.78542901701,222353.49835633903,,,,,,,,,,,,,0,
7,12,necessity,-23087.742997979367,5796.0,198.34541706084036,1705.2087669168634,0.1,67.0,22973.0,405.0,,,2.4224647706041385,6868.0,112543.77861651298,135631.52161449235,,,,,,,,,,,,,0,
8,12,necessity,-100944.19624200888,6078.0,361.9636175812446,2188.496379236501,0.1,68.0,22973.0,722.0,,,2.4224647706041385,6868.0,146629.25740884556,247573.45365085444,,,,,,,,,,,,,0,
9,12,necessity,21926.592123563285,6043.0,575.7214513490859,6122.247580701189,0.1,69.0,22973.0,1270.0,,,2.4224647706041385,6868.0,416312.83548768086,394386.2433641176,,,,,,,,,,,,,0,
10,12,necessity,389871.8248590192,5460.0,666.3857231933439,12267.119598938736,0.1,70.0,22973.0,0.0,,,2.4224647706041385,6868.0,846431.2523267728,456559.4274677536,,,,,,,,,,,,,0,
11,12,necessity,-550683.9082600342,6147.0,803.2204950862828,0.0,0.1,69.0,22973.0,220.0,,,2.4224647706041385,6868.0,0.0,550683.9082600342,,,,,,,,,,,,,0,
12,12,necessity,-274273.24545253074,6614.0,588.4186031612519,1878.2300448440624,0.1,70.0,22973.0,80.0,,,2.4224647706041385,6868.0,129597.8730942403,403871.11854677106,,,,,,,,,,,,,0,
13,12,necessity,-504600.918837085,7221.0,831.8257596927349,951.0523392231041,0.1,69.0,22973.0,106.0,,,2.4224647706041385,6868.0,66573.66374561729,571174.5825827023,,,,,,,,,,,,,0,
14,12,necessity,-341524.60744828405,7802.0,587.9509920533717,903.5726246157534,0.1,68.0,22973.0,480.0,,,2.4224647706041385,6868.0,62346.51109848698,403871.11854677106,,,,,,,,,,,,,0,
15,12,necessity,-93302.32982972186,8009.0,450.91134756288955,3183.004528305421,0.1,69.0,22973.0,630.0,,,2.4224647706041385,6868.0,216444.30792476863,309746.6377544905,,,,,,,,,,,,,0,
16,12,necessity,-34313.17298006109,8066.0,602.6848485598657,5502.696219580225,0.1,70.0,22973.0,725.0,,,2.4224647706041385,6868.0,379686.03915103554,413999.21213109663,,,,,,,,,,,,,0,
17,12,necessity,30884.454767489806,8028.0,811.1584050636206,8401.14568229201,0.1,71.0,22973.0,343.0,,,2.4224647706041385,6868.0,588080.1977604408,557195.742992951,,,,,,,,,,,,,0,
18,12,necessity,-314982.2356641891,8372.0,915.853023803567,4424.584352793219,0.1,70.0,22973.0,368.0,,,2.4224647706041385,6868.0,314145.4890483186,629127.7247125077,,,,,,,,,,,,,0,
19,12,necessity,-225609.98179674736,8691.0,707.3696868486323,3718.874457912943,0.1,69.0,22973.0,623.0,,,2.4224647706041385,6868.0,260321.212053906,485931.19385065336,,,,,,,,,,,,,0,
20,12,necessity,-35534.03138999274,8755.0,555.6020225450936,5016.5882331022385,0.1,70.0,22973.0,419.0,,,2.4224647706041385,6868.0,346144.58808405447,381678.6194740472,,,,,,,,,,,,,0,
21,12,necessity,-186596.48966306774,9023.0,696.3398430976425,4168.1458722291645,0.1,69.0,22973.0,1019.0,,,2.4224647706041385,6868.0,291770.21105604153,478366.70071910927,,,,,,,,,,,,,0,
22,12,necessity,184472.43693381676,8691.0,555.5893047512404,8205.087774027013,0.1,70.0,22973.0,662.0,,,2.4224647706041385,6868.0,566151.056407864,381678.6194740472,,,,,,,,,,,,,0,
