data/saved_data/run_2025_04_03_2018_testingbracketgraphagain/firm_data.csv
Step,AgentID,FirmType,Profit,Inventory,ProductPrice,RevenuePerEmployee,ProductionLevel,NumEmployees,EntryWage,DemandReceived,InventoryDemandRatio,SellThroughRate,ProductionCost,ProductionCapacity,Revenue,Costs,IncomeBracket,NumPeople,SpendRatio,IncomeTaxRate,PostTaxIncome,HouseholdExpense,HouseholdSavings,HealthLevel,Welfare,SkillLevel,SkillType,JobLevel,IsEmployed,Wage
4,19,necessity,-64096.39996870132,12242.0,42.22531594500491,37.66013460577095,0.1,81.0,23131.0,3240.0,,,3.8987974291445564,6731.0,3012.810768461676,67109.210737163,,,,,,,,,,,,,0,
5,19,necessity,651757.6793040452,9675.0,253.3403459947478,10128.35172258172,0.1,82.0,23131.0,1112.0,,,3.8987974291445564,6731.0,820396.4895291193,168638.81022507415,,,,,,,,,,,,,0,
6,19,necessity,151303.08561272686,9236.0,339.1718201579883,4596.9943281049955,0.1,81.0,23131.0,1213.0,,,3.8987974291445564,6731.0,376953.5349046096,225650.44929188275,,,,,,,,,,,,,0,
7,19,necessity,99186.91206807765,8696.0,180.7857420887339,2711.977578650091,0.1,80.0,23131.0,0.0,,,3.8987974291445564,6731.0,219670.18387065738,120483.27180257972,,,,,,,,,,,,,0,
8,19,necessity,-63471.63273577113,9369.0,94.86829423479367,0.0,0.1,79.0,23131.0,1230.0,,,3.8987974291445564,6731.0,0.0,63471.63273577113,,,,,,,,,,,,,0,
9,19,necessity,1534299.7973474008,8812.0,2729.562344856937,42585.730228066015,0.1,80.0,23131.0,156.0,,,3.8987974291445564,6731.0,3364272.688017215,1829972.8906698143,,,,,,,,,,,,,0,
10,19,necessity,-60567.989583919465,9329.0,117.53615127998594,229.5904564587163,0.1,79.0,23131.0,1310.0,,,3.8987974291445564,6731.0,18367.236516697303,78935.22610061677,,,,,,,,,,,,,0,
11,19,necessity,1739602.5158226485,8692.0,2722.8580338410598,45184.49881636029,0.1,80.0,23131.0,65.0,,,3.8987974291445564,6731.0,3569575.406492463,1829972.8906698143,,,,,,,,,,,,,0,
12,19,necessity,-55069.32996356751,9300.0,90.681051294649,73.70359843739723,0.1,79.0,23131.0,867.0,,,3.8987974291445564,6731.0,5896.287874991779,60965.61783855929,,,,,,,,,,,,,0,
13,19,necessity,529936.4608772676,9106.0,2721.5057586570692,29872.27027274787,0.1,80.0,23131.0,77.0,,,3.8987974291445564,6731.0,2359909.351547082,1829972.8906698143,,,,,,,,,,,,,0,
14,19,necessity,-63204.444517521995,9702.0,106.11072725376384,102.17175156421952,0.1,79.0,23131.0,6298.0,,,3.8987974291445564,6731.0,8173.740125137561,71378.18464265956,,,,,,,,,,,,,0,
15,19,necessity,15303330.51873995,4077.0,2720.370197228858,216877.25834695905,0.1,80.0,23131.0,46.0,,,3.8987974291445564,6731.0,17133303.409409765,1829972.8906698143,,,,,,,,,,,,,0,
16,19,necessity,-57708.48636640193,4704.0,92.07368472939164,52.94841508170153,0.1,79.0,23131.0,13298.0,,,3.8987974291445564,6731.0,4235.873206536123,61944.359572938054,,,,,,,,,,,,,0,
4,20,necessity,-77428.43820359098,11316.0,53.00910349032491,0.0,0.1,89.0,21684.0,1968.0,,,2.9430235919241685,5781.0,0.0,77428.43820359098,,,,,,,,,,,,,0,
5,20,necessity,387587.8439780071,9926.0,276.91930720106706,6139.287471704929,0.1,90.0,21684.0,1321.0,,,2.9430235919241685,5781.0,546396.5849817387,158808.74100373164,,,,,,,,,,,,,0,
6,20,necessity,287084.5689037331,9183.0,384.20134636739033,5637.019759721898,0.1,89.0,21684.0,147.0,,,2.9430235919241685,5781.0,507331.7783749708,220247.20947123767,,,,,,,,,,,,,0,
7,20,necessity,-101292.37647055456,9614.0,236.5587413581032,392.4909552246579,0.1,88.0,21684.0,1231.0,,,2.9430235919241685,5781.0,34931.695014994555,136224.07148554912,,,,,,,,,,,,,0,
8,20,necessity,85082.27039040606,8961.0,129.7960805532309,1816.6803796414677,0.1,89.0,21684.0,3521.0,,,2.9430235919241685,5781.0,159867.87340844914,74785.60301804308,,,,,,,,,,,,,0,
9,20,necessity,836860.4314277121,6018.0,284.22507679035857,11242.682713081787,0.1,90.0,21684.0,57.0,,,2.9430235919241685,5781.0,1000598.7614642791,163738.3300365671,,,,,,,,,,,,,0,
10,20,necessity,-196958.09426262355,6539.0,379.1178933951279,240.30685015604487,0.1,89.0,21684.0,285.0,,,2.9430235919241685,5781.0,21627.61651404404,218585.71077666758,,,,,,,,,,,,,0,
11,20,necessity,-65554.40179692933,6832.0,224.6416154232996,719.9840669799353,0.1,90.0,21684.0,608.0,,,2.9430235919241685,5781.0,64078.58196121424,129632.98375814357,,,,,,,,,,,,,0,
12,20,necessity,11463.592346252524,6802.0,370.54940503226914,2503.46941897575,0.1,91.0,21684.0,728.0,,,2.9430235919241685,5781.0,225312.2477078175,213848.65536156498,,,,,,,,,,,,,0,
13,20,necessity,92565.21026316722,6652.0,613.4241667523602,4907.770172631211,0.1,92.0,21684.0,588.0,,,2.9430235919241685,5781.0,446607.0857094402,354041.87544627296,,,,,,,,,,,,,0,
14,20,necessity,8139.477309693932,6642.0,750.4275321683733,4797.6106777688055,0.1,91.0,21684.0,548.0,,,2.9430235919241685,5781.0,441380.1823547301,433240.70504503616,,,,,,,,,,,,,0,
15,20,necessity,-14885.316622785176,6672.0,507.5951968180538,3056.7271245883844,0.1,90.0,21684.0,732.0,,,2.9430235919241685,5781.0,278162.168337543,293047.48496032815,,,,,,,,,,,,,0,
16,20,necessity,55949.448081241746,6518.0,361.72303412575064,2942.0140159794278,0.1,89.0,21684.0,1480.0,,,2.9430235919241685,5781.0,264781.2614381485,208831.81335690676,,,,,,,,,,,,,0,
17,20,necessity,240761.84073798129,5616.0,266.73602460792995,4435.351386008849,0.1,90.0,21684.0,1841.0,,,2.9430235919241685,5781.0,394746.27335478755,153984.43261680627,,,,,,,,,,,,,0,
18,20,necessity,528740.4066997103,4353.0,418.48069849912423,8558.681473049915,0.1,91.0,21684.0,741.0,,,2.9430235919241685,5781.0,770281.3325744923,241540.92587478203,,,,,,,,,,,,,0,
19,20,necessity,108089.4517108805,4190.0,659.9672171835709,5372.8828632902,0.1,90.0,21684.0,251.0,,,2.9430235919241685,5781.0,488932.3405594082,380842.8888485277,,,,,,,,,,,,,0,
20,20,necessity,-136480.06349590098,4517.0,418.3317679375504,1167.3429153209006,0.1,89.0,21684.0,39.0,,,2.9430235919241685,5781.0,105060.86237888105,241540.92587478203,,,,,,,,,,,,,0,
21,20,necessity,-143583.5176887276,5056.0,266.47932085690087,116.86421267504129,0.1,88.0,21684.0,2042.0,,,2.9430235919241685,5781.0,10400.914928078675,153984.43261680627,,,,,,,,,,,,,0,
22,20,necessity,204984.46756355325,3592.0,139.99290792380424,3248.6859636187337,0.1,89.0,21684.0,3270.0,,,2.9430235919241685,5781.0,285884.3647984486,80899.89723489534,,,,,,,,,,,,,0,
4,21,necessity,-20546.25935190497,13698.0,37.77610038631643,807.3671295270573,0.1,66.0,21484.0,4463.0,,,2.274128543069608,6557.0,52478.86341925872,73025.12277116369,,,,,,,,,,,,,0,
5,21,necessity,911198.8258553161,9891.0,238.8743773030636,16139.875702886038,0.1,67.0,21484.0,2530.0,,,2.274128543069608,6557.0,1065231.7963904785,154032.9705351624,,,,,,,,,,,,,0,
6,21,necessity,635818.095255878,8017.0,337.56050363337835,12735.843151512705,0.1,66.0,21484.0,849.0,,,2.274128543069608,6557.0,853301.4911513512,217483.39589547314,,,,,,,,,,,,,0,
7,21,necessity,42419.29188265733,7824.0,206.65083211708577,2665.4243295644487,0.1,65.0,21484.0,2014.0,,,2.274128543069608,6557.0,175918.00575125363,133498.7138685963,,,,,,,,,,,,,0,
8,21,necessity,148333.8287148684,6466.0,108.18436819103198,3359.7248803562147,0.1,66.0,21484.0,615.0,,,2.274128543069608,6557.0,218382.11722315397,70048.28850828556,,,,,,,,,,,,,0,
9,21,necessity,-7550.903040382895,6507.0,232.2567797214609,2165.6155967158165,0.1,65.0,21484.0,156.0,,,2.274128543069608,6557.0,142930.62938324388,150481.53242362678,,,,,,,,,,,,,0,
10,21,necessity,-53182.47388262226,7007.0,107.11424461937511,259.47407116405077,0.1,64.0,21484.0,306.0,,,2.274128543069608,6557.0,16865.8146256633,70048.28850828556,,,,,,,,,,,,,0,
11,21,necessity,-732391.7145212919,7357.0,2101.2215230881975,10063.689278171278,0.1,65.0,21484.0,10.0,,,2.274128543069608,6557.0,644076.1138029618,1376467.8283242537,,,,,,,,,,,,,0,
12,21,necessity,-58592.177941815295,8003.0,90.77201177705291,13.973745390596493,0.1,64.0,21484.0,2400.0,,,2.274128543069608,6557.0,908.293450388772,59500.47139220407,,,,,,,,,,,,,0,
13,21,necessity,3663280.6452067494,6259.0,2099.3278200378595,78746.06989892192,0.1,65.0,21484.0,0.0,,,2.274128543069608,6557.0,5039748.473531003,1376467.8283242537,,,,,,,,,,,,,0,
14,21,necessity,-64996.01450237888,6915.0,99.1166063892895,0.0,0.1,64.0,21484.0,0.0,,,2.274128543069608,6557.0,0.0,64996.01450237888,,,,,,,,,,,,,0,
15,21,necessity,-1376467.8283242537,7571.0,2098.6297473034965,0.0,0.1,65.0,21484.0,74.0,,,2.274128543069608,6557.0,0.0,1376467.8283242537,,,,,,,,,,,,,0,
16,21,necessity,-56427.54179042609,8153.0,96.96073649465687,110.40010024202347,0.1,66.0,21484.0,7649.0,,,2.274128543069608,6557.0,7176.006515731526,63603.548306157616,,,,,,,,,,,,,0,
17,21,necessity,1520133.6130443,1160.0,217.38260427722454,25192.846076031947,0.1,67.0,21484.0,827.0,,,2.274128543069608,6557.0,1662727.8410181084,142594.22797380848,,,,,,,,,,,,,0,
4,22,necessity,-70686.14055864817,14232.0,38.485099674584525,0.0,0.1,59.0,24407.0,0.0,,,1.9712928240343435,8327.0,0.0,70686.14055864817,,,,,,,,,,,,,0,
5,22,necessity,-165628.2090162619,15065.0,199.56409662044732,0.0,0.1,60.0,24407.0,993.0,,,1.9712928240343435,8327.0,0.0,165628.2090162619,,,,,,,,,,,,,0,
6,22,necessity,45056.8069727206,14905.0,276.0842951653786,4573.381499671262,0.1,61.0,24407.0,1075.0,,,1.9712928240343435,8327.0,274402.8899802757,229346.0830075551,,,,,,,,,,,,,0,
7,22,necessity,117611.51450202306,14663.0,481.64139547218144,8484.444489559699,0.1,62.0,24407.0,670.0,,,1.9712928240343435,8327.0,517551.1138631416,399939.59936111857,,,,,,,,,,,,,0,
8,22,necessity,-92652.356135484,14826.0,577.38333006836,6243.410452216318,0.1,61.0,24407.0,122.0,,,1.9712928240343435,8327.0,387091.4480374117,479743.80417289573,,,,,,,,,,,,,0,
9,22,necessity,-263757.7616359904,15537.0,371.5522868869532,744.1397734974073,0.1,60.0,24407.0,1075.0,,,1.9712928240343435,8327.0,45392.52618334185,309150.28781933227,,,,,,,,,,,,,0,
10,22,necessity,61957.566459921596,15295.0,254.9207329010317,4569.15255437755,0.1,61.0,24407.0,96.0,,,1.9712928240343435,8327.0,274149.153262653,212191.58680273138,,,,,,,,,,,,,0,
11,22,necessity,-270104.70599631517,16032.0,366.677070121123,577.258081200632,0.1,60.0,24407.0,717.0,,,1.9712928240343435,8327.0,35212.74295323855,305317.4489495537,,,,,,,,,,,,,0,
12,22,necessity,-29474.381398540572,16148.0,254.77855831661842,3045.2867567365133,0.1,61.0,24407.0,942.0,,,1.9712928240343435,8327.0,182717.2054041908,212191.58680273138,,,,,,,,,,,,,0,
13,22,necessity,41543.96114354435,16039.0,380.6069008582843,5877.51493190059,0.1,62.0,24407.0,280.0,,,1.9712928240343435,8327.0,358528.41084593604,316984.4497023917,,,,,,,,,,,,,0,
14,22,necessity,-275900.95175473037,16592.0,499.0375583800908,2253.8265942372345,0.1,61.0,24407.0,346.0,,,1.9712928240343435,8327.0,139737.24884270853,415638.2005974389,,,,,,,,,,,,,0,
15,22,necessity,-185300.80647105424,17079.0,380.56380876081494,2158.7482496940565,0.1,60.0,24407.0,1336.0,,,1.9712928240343435,8327.0,131683.64323133745,316984.4497023917,,,,,,,,,,,,,0,
16,22,necessity,128157.15274657827,16576.0,254.75103757109542,5672.478992488494,0.1,61.0,24407.0,1139.0,,,1.9712928240343435,8327.0,340348.73954930966,212191.58680273138,,,,,,,,,,,,,0,
17,22,necessity,118373.23041504074,16270.0,386.76256209906165,7221.654019063234,0.1,62.0,24407.0,2181.0,,,1.9712928240343435,8327.0,440520.89516285725,322147.6647478165,,,,,,,,,,,,,0,
18,22,necessity,696362.4991095732,14922.0,516.564075375805,18171.391124953603,0.1,63.0,24407.0,508.0,,,1.9712928240343435,8327.0,1126626.2497471233,430263.7506375501,,,,,,,,,,,,,0,
19,22,necessity,-231447.35795954987,15247.0,712.2876746898776,5743.5487932161805,0.1,62.0,24407.0,344.0,,,1.9712928240343435,8327.0,361843.5739726194,593290.9319321692,,,,,,,,,,,,,0,
20,22,necessity,-252566.41310992427,15736.0,516.5484058858475,2866.086089155255,0.1,61.0,24407.0,149.0,,,1.9712928240343435,8327.0,177697.33752762582,430263.7506375501,,,,,,,,,,,,,0,
21,22,necessity,-264521.7910060934,16420.0,386.73662499624214,944.6864547823469,0.1,60.0,24407.0,672.0,,,1.9712928240343435,8327.0,57625.87374172316,322147.6647478165,,,,,,,,,,,,,0,
22,22,necessity,-41009.72343415668,16581.0,254.73320005648515,2853.031056142912,0.1,61.0,24407.0,1402.0,,,1.9712928240343435,8327.0,171181.8633685747,212191.58680273138,,,,,,,,,,,,,0,
4,23,necessity,-74247.9447466351,13726.0,41.91483135450276,0.0,0.1,73.0,24096.0,1791.0,,,3.566550524572253,7060.0,0.0,74247.9447466351,,,,,,,,,,,,,0,
5,23,necessity,249698.94294914132,12641.0,227.99788709913054,5608.325269255977,0.1,74.0,24096.0,1167.0,,,3.566550524572253,7060.0,409407.7446556863,159708.801706545,,,,,,,,,,,,,0,
6,23,necessity,152691.3598521661,12180.0,327.42909331810955,5161.628791979805,0.1,73.0,24096.0,0.0,,,3.566550524572253,7060.0,381960.5306065056,229269.1707543395,,,,,,,,,,,,,0,
7,23,necessity,-139942.17302579328,12886.0,198.9559332950149,0.0,0.1,72.0,24096.0,0.0,,,3.566550524572253,7060.0,0.0,139942.17302579328,,,,,,,,,,,,,0,
8,23,necessity,-72078.35371814252,13592.0,102.26493369413205,0.0,0.1,73.0,24096.0,4464.0,,,3.566550524572253,7060.0,0.0,72078.35371814252,,,,,,,,,,,,,0,
9,23,necessity,868218.0319611162,9834.0,230.82428239162206,14123.326093293854,0.1,74.0,24096.0,75.0,,,3.566550524572253,7060.0,1031002.8048104513,162784.77284933516,,,,,,,,,,,,,0,
10,23,necessity,-201445.48210521345,10465.0,319.54992411089967,323.95621735412743,0.1,73.0,24096.0,161.0,,,3.566550524572253,7060.0,23972.76008420543,225418.24218941887,,,,,,,,,,,,,0,
11,23,necessity,-103966.34501282667,11010.0,190.88003691603197,421.1709321287612,0.1,74.0,24096.0,205.0,,,3.566550524572253,7060.0,30745.478045399566,134711.82305822623,,,,,,,,,,,,,0,
12,23,necessity,-174942.2377982084,11511.0,349.33480795530505,967.8406799182503,0.1,75.0,24096.0,269.0,,,3.566550524572253,7060.0,71620.21031395052,246562.44811215892,,,,,,,,,,,,,0,
13,23,necessity,-255376.42285205444,11948.0,584.5730875316079,2096.9287004086714,0.1,76.0,24096.0,343.0,,,3.566550524572253,7060.0,157269.65253065035,412646.0753827048,,,,,,,,,,,,,0,
14,23,necessity,-249870.2994218915,12311.0,688.5247349431907,3107.5385449883433,0.1,77.0,24096.0,0.0,,,3.566550524572253,7060.0,236172.92941911408,486043.2288410056,,,,,,,,,,,,,0,
15,23,necessity,-592097.1316611853,13017.0,838.7359716144736,0.0,0.1,76.0,24096.0,99.0,,,3.566550524572253,7060.0,0.0,592097.1316611853,,,,,,,,,,,,,0,
16,23,necessity,-366269.9752285732,13624.0,603.4365611317708,786.0990679219238,0.1,77.0,24096.0,433.0,,,3.566550524572253,7060.0,59743.52916206621,426013.5043906394,,,,,,,,,,,,,0,
17,23,necessity,-221536.83260395593,13897.0,811.5467815027583,4563.667239918173,0.1,78.0,24096.0,601.0,,,3.566550524572253,7060.0,351402.37747369934,572939.2100776553,,,,,,,,,,,,,0,
18,23,necessity,-96703.46274516708,14002.0,921.1187705350766,7097.377926024598,0.1,79.0,24096.0,482.0,,,3.566550524572253,7060.0,553595.4782299186,650298.9409750857,,,,,,,,,,,,,0,
19,23,necessity,-237878.12330628478,14226.0,1062.011180385111,6479.61796374912,0.1,78.0,24096.0,471.0,,,3.566550524572253,7060.0,511889.81913618045,749767.9424424652,,,,,,,,,,,,,0,
20,23,necessity,-200656.3730890397,14461.0,853.8950761713877,5156.229021364226,0.1,77.0,24096.0,93.0,,,3.566550524572253,7060.0,402185.8636664096,602842.2367554493,,,,,,,,,,,,,0,
21,23,necessity,-437064.01732246106,15074.0,712.9987056663191,861.1586748780358,0.1,76.0,24096.0,263.0,,,3.566550524572253,7060.0,66309.21796560875,503373.2352880698,,,,,,,,,,,,,0,
22,23,necessity,-249308.30697790388,15517.0,562.77633419287,1947.5134932892918,0.1,77.0,24096.0,742.0,,,3.566550524572253,7060.0,148011.02548998618,397319.33246789005,,,,,,,,,,,,,0,
4,24,necessity,-55313.34368059235,8926.0,48.01901524159755,0.0,0.1,40.0,20409.0,5726.0,,,2.1210234504974643,4281.0,0.0,55313.34368059235,,,,,,,,,,,,,0,
5,24,necessity,1689941.7647914374,3628.0,318.8753540663903,45623.3036919847,0.1,41.0,20409.0,1235.0,,,2.1210234504974643,4281.0,1824932.147679388,134990.38288795072,,,,,,,,,,,,,0,
6,24,necessity,390096.74645466026,2821.0,480.87371328736964,14476.961168123218,0.1,40.0,20409.0,132.0,,,2.1210234504974643,4281.0,593555.407893052,203458.66143839172,,,,,,,,,,,,,0,
7,24,necessity,-84090.00362707993,3117.0,287.0496114904942,953.2636336096821,0.1,39.0,20409.0,210.0,,,2.1210234504974643,4281.0,38130.54534438728,122220.54897146721,,,,,,,,,,,,,0,
8,24,necessity,-35159.08959532313,3335.0,162.6424941718223,877.3586408187382,0.1,38.0,20409.0,1139.0,,,2.1210234504974643,4281.0,34216.98699193079,69376.07658725392,,,,,,,,,,,,,0,
9,24,necessity,1296846.6159020187,2624.0,1819.9706576370045,54560.431945758726,0.1,39.0,20409.0,161.0,,,2.1210234504974643,4281.0,2073296.4139388315,776449.7980368129,,,,,,,,,,,,,0,
10,24,necessity,-40249.543730605066,2891.0,151.30754809546863,625.5311740433636,0.1,38.0,20409.0,1021.0,,,2.1210234504974643,4281.0,24395.71578769118,64645.25951829625,,,,,,,,,,,,,0,
11,24,necessity,1079059.0722592897,2298.0,1816.542231043543,48829.180797265864,0.1,39.0,20409.0,18.0,,,2.1210234504974643,4281.0,1855508.8702961027,776449.7980368129,,,,,,,,,,,,,0,
12,24,necessity,-57180.670463551636,2708.0,139.6119757519223,64.4576506849299,0.1,38.0,20409.0,970.0,,,2.1210234504974643,4281.0,2513.848376712266,59694.5188402639,,,,,,,,,,,,,0,
13,24,necessity,985012.4258545182,2166.0,1815.308544559247,46354.26904977187,0.1,39.0,20409.0,191.0,,,2.1210234504974643,4281.0,1761462.223891331,776449.7980368129,,,,,,,,,,,,,0,
14,24,necessity,-32053.755771784665,2403.0,135.38410792325013,663.142163738583,0.1,38.0,20409.0,1309.0,,,2.1210234504974643,4281.0,25862.544385804737,57916.3001575894,,,,,,,,,,,,,0,
15,24,necessity,1599405.0622891956,1522.0,1815.0591743948905,62522.49632436864,0.1,39.0,20409.0,113.0,,,2.1210234504974643,4281.0,2375854.8603260084,776449.7980368129,,,,,,,,,,,,,0,
16,24,necessity,-41884.00137025424,1837.0,133.04019540856635,385.5245112834287,0.1,38.0,20409.0,2317.0,,,2.1210234504974643,4281.0,15035.45594005372,56919.45731030796,,,,,,,,,,,,,0,
