data/saved_data/run_2025_04_03_2018_testingbracketgraphagain/firm_data.csv
Step,AgentID,FirmType,Profit,Inventory,ProductPrice,RevenuePerEmployee,ProductionLevel,NumEmployees,EntryWage,DemandReceived,InventoryDemandRatio,SellThroughRate,ProductionCost,ProductionCapacity,Revenue,Costs,IncomeBracket,NumPeople,SpendRatio,IncomeTaxRate,PostTaxIncome,HouseholdExpense,HouseholdSavings,HealthLevel,Welfare,SkillLevel,SkillType,JobLevel,IsEmployed,Wage
4,79,necessity,-27561.633289054516,1363.0,366.0984783358435,5901.260254527397,0.1,8.0,26889.0,217.0,,,9.687314515910579,935.0,41308.821781691775,68870.45507074629,,,,,,,,,,,,,0,
5,79,necessity,223041.14423100947,1240.0,1787.5682240161498,48438.845484458274,0.1,9.0,26889.0,0.0,,,9.687314515910579,935.0,387510.7638756662,164469.61964465672,,,,,,,,,,,,,0,
6,79,necessity,-258445.14175245358,1334.0,2788.118703776965,0.0,0.1,8.0,26889.0,25.0,,,9.687314515910579,935.0,0.0,258445.14175245358,,,,,,,,,,,,,0,
7,79,necessity,-118232.90539562122,1403.0,1733.2143103777714,5457.964370045336,0.1,9.0,26889.0,299.0,,,9.687314515910579,935.0,43663.71496036269,161896.6203559839,,,,,,,,,,,,,0,
8,79,necessity,584760.9283223879,1198.0,2843.387684025337,94493.39832220488,0.1,10.0,26889.0,138.0,,,9.687314515910579,935.0,850440.5848998439,265679.6565774561,,,,,,,,,,,,,0,
9,79,necessity,204683.64104456065,1154.0,4594.577370219435,63386.21041103563,0.1,9.0,26889.0,62.0,,,9.687314515910579,935.0,633862.1041103563,429178.46306579566,,,,,,,,,,,,,0,
10,79,necessity,-89336.89228661495,1186.0,2837.9875205809826,19593.640476760127,0.1,8.0,26889.0,0.0,,,9.687314515910579,935.0,176342.76429084115,265679.6565774561,,,,,,,,,,,,,0,
11,79,necessity,-161896.6203559839,1280.0,1725.487608839163,0.0,0.1,7.0,26889.0,147.0,,,9.687314515910579,935.0,0.0,161896.6203559839,,,,,,,,,,,,,0,
12,79,necessity,53773.8721866313,1227.0,1010.6395525152465,21237.143122703394,0.1,8.0,26889.0,448.0,,,9.687314515910579,935.0,148660.00185892376,94886.12967229246,,,,,,,,,,,,,0,
13,79,necessity,796371.6906358446,873.0,2249.0559056177385,125939.57640024301,0.1,9.0,26889.0,54.0,,,9.687314515910579,935.0,1007516.6112019441,211144.92056609952,,,,,,,,,,,,,0,
14,79,necessity,-121341.92407172444,913.0,3042.3640263874167,18255.3342599475,0.1,8.0,26889.0,82.0,,,9.687314515910579,935.0,164298.0083395275,285639.93241125194,,,,,,,,,,,,,0,
15,79,necessity,-21446.062509702548,925.0,1803.3305579982639,18491.88487596779,0.1,9.0,26889.0,328.0,,,9.687314515910579,935.0,147935.07900774232,169381.14151744486,,,,,,,,,,,,,0,
16,79,necessity,662334.7572301831,691.0,2829.7158178953314,103123.40894683493,0.1,10.0,26889.0,55.0,,,9.687314515910579,935.0,928110.6805215144,265775.92329133133,,,,,,,,,,,,,0,
17,79,necessity,-182102.64458288267,730.0,4677.5576718967895,25731.824401136422,0.1,9.0,26889.0,93.0,,,9.687314515910579,935.0,257318.2440113642,439420.8885942469,,,,,,,,,,,,,0,
18,79,necessity,-2666.1129304072238,731.0,2828.5307084342194,29234.423373436013,0.1,10.0,26889.0,135.0,,,9.687314515910579,935.0,263109.8103609241,265775.92329133133,,,,,,,,,,,,,0,
19,79,necessity,188359.414687438,690.0,4590.029474875723,61964.16379193768,0.1,11.0,26889.0,30.0,,,9.687314515910579,935.0,619641.6379193768,431282.22323193884,,,,,,,,,,,,,0,
20,79,necessity,-351070.76356410724,754.0,5487.820581492527,14969.602476754178,0.1,10.0,26889.0,8.0,,,9.687314515910579,935.0,164665.62724429596,515736.3908084032,,,,,,,,,,,,,0,
21,79,necessity,-320416.41154442803,840.0,3726.0664620975836,2981.3679323367664,0.1,9.0,26889.0,11.0,,,9.687314515910579,935.0,29813.679323367665,350230.0908677957,,,,,,,,,,,,,0,
4,80,necessity,81282.80537487827,1248.0,391.30879199736205,14897.630729441997,0.1,12.0,28465.0,517.0,,,13.705326500543254,1125.0,163873.93802386196,82591.1326489837,,,,,,,,,,,,,0,
5,80,necessity,740339.890672535,843.0,1821.7192964030583,78165.00253511623,0.1,13.0,28465.0,79.0,,,13.705326500543254,1125.0,937980.0304213947,197640.13974885966,,,,,,,,,,,,,0,
6,80,necessity,-76280.42602662381,876.0,2574.4110150582774,15718.36727352324,0.1,12.0,28465.0,22.0,,,13.705326500543254,1125.0,204338.7745558021,280619.2005824259,,,,,,,,,,,,,0,
7,80,necessity,-131004.74064149162,966.0,1483.5864149876143,2760.532796541778,0.1,11.0,28465.0,34.0,,,13.705326500543254,1125.0,33126.39355850134,164131.13419999296,,,,,,,,,,,,,0,
8,80,necessity,-58540.60080130452,1044.0,756.9236404451475,2361.2233273020565,0.1,10.0,28465.0,603.0,,,13.705326500543254,1125.0,25973.45660032262,84514.05740162714,,,,,,,,,,,,,0,
9,80,necessity,1259380.0776503398,553.0,2565.1018806441684,154556.50742184007,0.1,11.0,28465.0,138.0,,,13.705326500543254,1125.0,1545565.0742184008,286184.99656806083,,,,,,,,,,,,,0,
10,80,necessity,19088.497056209395,527.0,722.3310141995682,9060.226349234099,0.1,10.0,28465.0,340.0,,,13.705326500543254,1125.0,99662.4898415751,80573.9927853657,,,,,,,,,,,,,0,
11,80,necessity,586117.5888762316,299.0,2567.1517150058353,87230.25854442923,0.1,11.0,28465.0,170.0,,,13.705326500543254,1125.0,872302.5854442924,286184.99656806083,,,,,,,,,,,,,0,
13,80,necessity,-286650.9776690793,387.0,1966.685366899223,0.0,0.1,9.0,28465.0,253.0,,,13.705326500543254,1125.0,0.0,286650.9776690793,,,,,,,,,,,,,0,
14,80,necessity,325436.2516713975,246.0,2304.7706869761914,64795.13869327315,0.1,10.0,28465.0,54.0,,,13.705326500543254,1125.0,583156.2482394583,257719.99656806086,,,,,,,,,,,,,0,
16,80,necessity,-201664.49418404032,401.0,2080.3402700228544,6246.66292244745,0.1,10.0,28465.0,68.0,,,13.705326500543254,1125.0,56219.96630202705,257884.46048606737,,,,,,,,,,,,,0,
17,80,necessity,-36348.399951951986,445.0,826.5971200549827,5621.792214515204,0.1,9.0,28465.0,200.0,,,13.705326500543254,1125.0,56217.92214515204,92566.32209710403,,,,,,,,,,,,,0,
18,80,necessity,202556.70886769044,357.0,2301.3991130930326,51141.856159527924,0.1,10.0,28465.0,36.0,,,13.705326500543254,1125.0,460276.7054357513,257719.99656806086,,,,,,,,,,,,,0,
19,80,necessity,-60244.457337277265,433.0,792.8058036497555,2854.2838303251037,0.1,9.0,28465.0,1004.0,,,13.705326500543254,1125.0,28542.83830325104,88787.2956405283,,,,,,,,,,,,,0,
4,81,necessity,-63206.531236006034,856.0,773.3830483869945,2534.368160670774,0.1,11.0,31806.0,0.0,,,10.559202502439497,612.0,25343.68160670774,88550.21284271378,,,,,,,,,,,,,0,
5,81,necessity,-202149.1744175491,917.0,3342.192724911576,0.0,0.1,10.0,31806.0,77.0,,,10.559202502439497,612.0,0.0,202149.1744175491,,,,,,,,,,,,,0,
6,81,necessity,24021.294970490926,901.0,1451.3495463010895,11199.075167557054,0.1,11.0,31806.0,80.0,,,10.559202502439497,612.0,111990.75167557053,87969.4567050796,,,,,,,,,,,,,0,
7,81,necessity,67331.31064852772,882.0,3476.17781464048,25257.20673142724,0.1,12.0,31806.0,68.0,,,10.559202502439497,612.0,277829.2740456996,210497.9633971719,,,,,,,,,,,,,0,
8,81,necessity,37954.28153181437,875.0,5097.564299437786,28886.198170358344,0.1,13.0,31806.0,53.0,,,10.559202502439497,612.0,346634.37804430013,308680.09651248576,,,,,,,,,,,,,0,
9,81,necessity,-63227.73681584798,883.0,8357.398485937405,34122.320302680346,0.1,14.0,31806.0,32.0,,,10.559202502439497,612.0,443590.1639348445,506817.90075069247,,,,,,,,,,,,,0,
10,81,necessity,-282703.34641785413,912.0,9849.66972927639,22559.738933638117,0.1,13.0,31806.0,74.0,,,10.559202502439497,612.0,315836.34507093363,598539.6914887878,,,,,,,,,,,,,0,
11,81,necessity,87190.0948948047,899.0,6580.290315665289,37507.075549645066,0.1,14.0,31806.0,0.0,,,10.559202502439497,612.0,487591.9821453858,400401.8872505811,,,,,,,,,,,,,0,
12,81,necessity,-603598.7754614252,960.0,9908.597086200261,0.0,0.1,13.0,31806.0,8.0,,,10.559202502439497,612.0,0.0,603598.7754614252,,,,,,,,,,,,,0,
13,81,necessity,-347818.3340738609,1013.0,6566.209952702438,4044.8887059015547,0.1,14.0,31806.0,3.0,,,10.559202502439497,612.0,52583.55317672021,400401.8872505811,,,,,,,,,,,,,0,
14,81,necessity,-582371.3688555085,1071.0,10042.95168602104,2152.3922241419746,0.1,13.0,31806.0,3.0,,,10.559202502439497,612.0,30133.491137987647,612504.8599934962,,,,,,,,,,,,,0,
15,81,necessity,-380706.2874085806,1129.0,6564.273902795047,1515.0461416923474,0.1,12.0,31806.0,40.0,,,10.559202502439497,612.0,19695.599842000516,400401.8872505811,,,,,,,,,,,,,0,
16,81,necessity,-95652.75990070013,1150.0,4555.42976344004,15185.051721482392,0.1,13.0,31806.0,22.0,,,10.559202502439497,612.0,182220.6206577887,277873.38055848883,,,,,,,,,,,,,0,
17,81,necessity,-264366.662333647,1189.0,6778.883574272892,11472.03791816075,0.1,12.0,31806.0,11.0,,,10.559202502439497,612.0,149136.49293608975,413503.1552697368,,,,,,,,,,,,,0,
18,81,necessity,-227764.00576227016,1239.0,4555.34462060547,4175.781233018223,0.1,11.0,31806.0,66.0,,,10.559202502439497,612.0,50109.37479621868,277873.38055848883,,,,,,,,,,,,,0,
19,81,necessity,15620.654487953696,1234.0,3123.763512917558,18742.608154001064,0.1,12.0,31806.0,41.0,,,10.559202502439497,612.0,206168.6896940117,190548.035206058,,,,,,,,,,,,,0,
20,81,necessity,-115465.17533674237,1254.0,5773.398852594993,19725.78771890153,0.1,13.0,31806.0,69.0,,,10.559202502439497,612.0,236709.45262681838,352174.62796356075,,,,,,,,,,,,,0,
21,81,necessity,69828.12813116575,1246.0,8727.994110121534,46325.561387448295,0.1,14.0,31806.0,5.0,,,10.559202502439497,612.0,602232.2980368278,532404.1699056621,,,,,,,,,,,,,0,
4,82,necessity,41639.54605364245,1516.0,401.6009203517598,11347.362221935395,0.1,13.0,32191.0,329.0,,,9.267582985602946,1280.0,136168.34666322474,94528.8006095823,,,,,,,,,,,,,0,
5,82,necessity,351469.3423917034,1315.0,1721.014460937338,43495.41256912212,0.1,14.0,32191.0,33.0,,,9.267582985602946,1280.0,565440.3633985876,213971.02100688417,,,,,,,,,,,,,0,
6,82,necessity,-214890.9905223741,1410.0,2319.201291944435,5546.233354115143,0.1,13.0,32191.0,0.0,,,9.267582985602946,1280.0,77647.266957612,292538.2574799861,,,,,,,,,,,,,0,
7,82,necessity,-172039.53262232547,1538.0,1352.9894790631283,0.0,0.1,12.0,32191.0,228.0,,,9.267582985602946,1280.0,0.0,172039.53262232547,,,,,,,,,,,,,0,
8,82,necessity,74131.5293912074,1438.0,733.4062277431223,13966.98546170258,0.1,13.0,32191.0,244.0,,,9.267582985602946,1280.0,167603.82554043096,93472.29614922356,,,,,,,,,,,,,0,
9,82,necessity,219886.14478976937,1322.0,1886.2120901070714,35410.36416286937,0.1,14.0,32191.0,93.0,,,9.267582985602946,1280.0,460334.7341173019,240448.5893275325,,,,,,,,,,,,,0,
10,82,necessity,-87596.99546107269,1357.0,2538.6635212039723,16877.772536559532,0.1,13.0,32191.0,122.0,,,9.267582985602946,1280.0,236288.81551183344,323885.8109729061,,,,,,,,,,,,,0,
11,82,necessity,-7739.165849558311,1363.0,1385.9617250367592,13013.103995772222,0.1,12.0,32191.0,17.0,,,9.267582985602946,1280.0,169170.35194503888,176909.5177945972,,,,,,,,,,,,,0,
12,82,necessity,-81023.3704695838,1474.0,731.5766388773467,1037.4104733033141,0.1,11.0,32191.0,56.0,,,9.267582985602946,1280.0,12448.92567963977,93472.29614922356,,,,,,,,,,,,,0,
13,82,necessity,-199567.18744256886,1546.0,2777.9468195789213,14156.369379962574,0.1,12.0,32191.0,15.0,,,9.267582985602946,1280.0,155720.06317958832,355287.2506221572,,,,,,,,,,,,,0,
14,82,necessity,-84760.9121531572,1659.0,750.5145440835752,938.4875554810664,0.1,11.0,32191.0,0.0,,,9.267582985602946,1280.0,11261.850665772796,96022.76281893,,,,,,,,,,,,,0,
15,82,necessity,-355287.2506221572,1787.0,2775.993088220111,0.0,0.1,10.0,32191.0,15.0,,,9.267582985602946,1280.0,0.0,355287.2506221572,,,,,,,,,,,,,0,
16,82,necessity,-285229.1600921654,1900.0,2524.2602492682818,3786.7090529991774,0.1,11.0,32191.0,17.0,,,9.267582985602946,1280.0,37867.09052999177,323096.2506221572,,,,,,,,,,,,,0,
17,82,necessity,-75885.45084870355,2011.0,683.6661904790102,1056.5883677270622,0.1,10.0,32191.0,654.0,,,9.267582985602946,1280.0,11622.472044997683,87507.92289370124,,,,,,,,,,,,,0,
18,82,necessity,1327749.1256183723,1485.0,2524.220595106653,165084.53762405296,0.1,11.0,32191.0,31.0,,,9.267582985602946,1280.0,1650845.3762405296,323096.2506221572,,,,,,,,,,,,,0,
19,82,necessity,-91294.47586290023,1582.0,941.1925819238259,2652.460027437664,0.1,10.0,32191.0,86.0,,,9.267582985602946,1280.0,29177.0603018143,120471.53616471453,,,,,,,,,,,,,0,
20,82,necessity,-106013.94761911704,1624.0,2524.2046272254975,21708.230300304014,0.1,11.0,32191.0,68.0,,,9.267582985602946,1280.0,217082.30300304014,323096.2506221572,,,,,,,,,,,,,0,
21,82,necessity,-38696.113314127404,1684.0,644.9433019359705,3986.9234608282172,0.1,10.0,32191.0,169.0,,,9.267582985602946,1280.0,43856.15806911039,82552.27138323779,,,,,,,,,,,,,0,
4,83,necessity,29628.380812092466,1175.0,409.3623901718137,10368.689021641561,0.1,11.0,28085.0,521.0,,,6.419209632604418,808.0,103686.89021641562,74058.50940432315,,,,,,,,,,,,,0,
5,83,necessity,1077116.494844879,735.0,2459.046658825645,115364.83624495566,0.1,12.0,28085.0,264.0,,,6.419209632604418,808.0,1269013.1986945122,191896.7038496331,,,,,,,,,,,,,0,
6,83,necessity,631561.3227279165,552.0,3402.378662164415,74715.6770470231,0.1,11.0,28085.0,56.0,,,6.419209632604418,808.0,896588.1245642772,265026.8018363607,,,,,,,,,,,,,0,
7,83,necessity,-41182.244188966215,577.0,1855.6953030114773,9575.667835514641,0.1,10.0,28085.0,182.0,,,6.419209632604418,808.0,105332.34619066106,146514.59037962728,,,,,,,,,,,,,0,
8,83,necessity,95776.98954544419,476.0,925.9370848772617,16916.148193834386,0.1,11.0,28085.0,291.0,,,6.419209632604418,808.0,169161.48193834387,73384.49239289969,,,,,,,,,,,,,0,
12,83,necessity,47409.920582451436,248.0,1143.6024138396526,13911.85003482647,0.1,11.0,28085.0,451.0,,,6.419209632604418,808.0,139118.5003482647,91708.57976581327,,,,,,,,,,,,,0,
17,83,necessity,199187.60921745942,211.0,1771.6389690683693,34956.419410387876,0.1,12.0,28085.0,0.0,,,6.419209632604418,808.0,384520.6135142666,185333.0042968072,,,,,,,,,,,,,0,
18,83,necessity,-284984.2080238129,292.0,3525.5183526487735,0.0,0.1,11.0,28085.0,42.0,,,6.419209632604418,808.0,0.0,284984.2080238129,,,,,,,,,,,,,0,
19,83,necessity,-88963.87726266451,331.0,2289.1985875703103,8746.82418208729,0.1,12.0,28085.0,0.0,,,6.419209632604418,808.0,96215.06600296019,185178.9432656247,,,,,,,,,,,,,0,
20,83,necessity,-310952.5968374873,412.0,3841.727437065682,0.0,0.1,11.0,28085.0,0.0,,,6.419209632604418,808.0,0.0,310952.5968374873,,,,,,,,,,,,,0,
21,83,necessity,-185178.9432656247,493.0,2286.5776032574427,0.0,0.1,12.0,28085.0,30.0,,,6.419209632604418,808.0,0.0,185178.9432656247,,,,,,,,,,,,,0,
4,84,necessity,-19363.192179816702,2567.0,227.7776454702563,5746.494107509619,0.1,12.0,29597.0,2704.0,,,13.152190757080911,1855.0,63211.43518260581,82574.62736242251,,,,,,,,,,,,,0,
10,84,necessity,-168163.2384657751,1054.0,1695.411679760315,24216.571869421383,0.1,16.0,29597.0,124.0,,,13.152190757080911,1855.0,363248.5780413207,531411.8165070958,,,,,,,,,,,,,0,
11,84,necessity,-207561.97840899724,1116.0,3365.4446104830963,26084.517033680113,0.1,17.0,29597.0,87.0,,,13.152190757080911,1855.0,417352.2725388818,624914.250947879,,,,,,,,,,,,,0,
12,84,necessity,-391557.19971563225,1215.0,3964.7089248111406,20305.43147541495,0.1,16.0,29597.0,38.0,,,13.152190757080911,1855.0,345192.33508205414,736749.5347976864,,,,,,,,,,,,,0,
13,84,necessity,-452075.1822743409,1363.0,3056.004357112599,7263.080181151081,0.1,15.0,29597.0,64.0,,,13.152190757080911,1855.0,116209.2828984173,568284.4651727582,,,,,,,,,,,,,0,
14,84,necessity,-299354.82116667135,1485.0,2454.170723597253,10472.957343751961,0.1,16.0,29597.0,79.0,,,13.152190757080911,1855.0,157094.3601562794,456449.18132295075,,,,,,,,,,,,,0,
15,84,necessity,-361677.5656222612,1592.0,3380.457063627698,16691.24977981234,0.1,17.0,29597.0,53.0,,,13.152190757080911,1855.0,267059.99647699745,628737.5620992586,,,,,,,,,,,,,0,
16,84,necessity,-526970.9549709357,1725.0,3962.35171893857,12353.45698596174,0.1,16.0,29597.0,78.0,,,13.152190757080911,1855.0,210008.76876134958,736979.7237322853,,,,,,,,,,,,,0,
17,84,necessity,-327879.60856781155,1833.0,3036.0150488595964,14800.733399260374,0.1,17.0,29597.0,99.0,,,13.152190757080911,1855.0,236811.734388166,564691.3429559775,,,,,,,,,,,,,0,
18,84,necessity,-351168.65932037897,1920.0,4036.532676264391,23506.882413404368,0.1,18.0,29597.0,0.0,,,13.152190757080911,1855.0,399617.00102787424,750785.6603482532,,,,,,,,,,,,,0,
19,84,necessity,-868493.7963649948,2106.0,4669.365406582275,0.0,0.1,17.0,29597.0,80.0,,,13.152190757080911,1855.0,0.0,868493.7963649948,,,,,,,,,,,,,0,
20,84,necessity,-388891.5643690867,2212.0,3668.8299216140654,17265.1714472725,0.1,18.0,29597.0,58.0,,,13.152190757080911,1855.0,293507.91460363247,682399.4789727192,,,,,,,,,,,,,0,
21,84,necessity,-598407.1579277883,2340.0,4675.075758009419,15064.161788960166,0.1,17.0,29597.0,98.0,,,13.152190757080911,1855.0,271154.912201283,869562.0701290712,,,,,,,,,,,,,0,
