data/saved_data/run_2025_04_03_2018_testingbracketgraphagain/firm_data.csv
Step,AgentID,FirmType,Profit,Inventory,ProductPrice,RevenuePerEmployee,ProductionLevel,NumEmployees,EntryWage,DemandReceived,InventoryDemandRatio,SellThroughRate,ProductionCost,ProductionCapacity,Revenue,Costs,IncomeBracket,NumPeople,SpendRatio,IncomeTaxRate,PostTaxIncome,HouseholdExpense,HouseholdSavings,HealthLevel,Welfare,SkillLevel,SkillType,JobLevel,IsEmployed,Wage
4,85,necessity,-106488.05056443611,909.0,906.6025657268217,0.0,0.1,12.0,31452.0,81.0,,,14.320090509453161,640.0,0.0,106488.05056443611,,,,,,,,,,,,,0,
5,85,necessity,63918.35139193197,892.0,3573.4429482656433,24199.11495597631,0.1,13.0,31452.0,7.0,,,14.320090509453161,640.0,290389.3794717157,226471.02807978375,,,,,,,,,,,,,0,
6,85,necessity,-277978.2610672859,949.0,4913.955885941192,2655.0345441098316,0.1,12.0,31452.0,153.0,,,14.320090509453161,640.0,34515.44907342781,312493.7101407137,,,,,,,,,,,,,0,
7,85,necessity,269547.62208431074,860.0,3011.966309648477,38439.22914430474,0.1,13.0,31452.0,72.0,,,14.320090509453161,640.0,461270.7497316569,191723.1276473462,,,,,,,,,,,,,0,
8,85,necessity,42676.84829491179,852.0,5117.48042867422,28319.99047305775,0.1,12.0,31452.0,30.0,,,14.320090509453161,640.0,368159.8761497508,325483.027854839,,,,,,,,,,,,,0,
9,85,necessity,-101290.8207535397,886.0,3007.852456689538,7536.025574483876,0.1,11.0,31452.0,168.0,,,14.320090509453161,640.0,90432.30689380651,191723.1276473462,,,,,,,,,,,,,0,
10,85,necessity,172891.22688568826,782.0,1657.2765934558877,25326.51567928222,0.1,12.0,31452.0,219.0,,,14.320090509453161,640.0,278591.67247210443,105700.44558641619,,,,,,,,,,,,,0,
11,85,necessity,543879.4766558325,627.0,3505.727491932674,63946.495882491996,0.1,13.0,31452.0,6.0,,,14.320090509453161,640.0,767357.950589904,223478.47393407146,,,,,,,,,,,,,0,
12,85,necessity,-288805.0984216648,685.0,4996.2929864260395,2308.265561978026,0.1,12.0,31452.0,42.0,,,14.320090509453161,640.0,30007.452305714338,318812.5507273791,,,,,,,,,,,,,0,
13,85,necessity,-68712.40934148026,707.0,3147.2497206802036,11026.842753186967,0.1,13.0,31452.0,86.0,,,14.320090509453161,640.0,132322.1130382436,201034.52237972387,,,,,,,,,,,,,0,
14,85,necessity,114131.25261933851,685.0,5158.268020336209,34127.22676805471,0.1,14.0,31452.0,26.0,,,14.320090509453161,640.0,443653.9479847112,329522.6953653727,,,,,,,,,,,,,0,
15,85,necessity,-301773.1871993803,723.0,7962.387788841414,14794.086200338426,0.1,13.0,31452.0,15.0,,,14.320090509453161,640.0,207117.20680473797,508890.3940041183,,,,,,,,,,,,,0,
16,85,necessity,-252184.20879829873,772.0,5150.568781953223,5949.114351313382,0.1,12.0,31452.0,13.0,,,14.320090509453161,640.0,77338.48656707397,329522.6953653727,,,,,,,,,,,,,0,
17,85,necessity,-160185.2936149814,823.0,3141.435351682125,3404.102397061873,0.1,11.0,31452.0,113.0,,,14.320090509453161,640.0,40849.228764742475,201034.52237972387,,,,,,,,,,,,,0,
18,85,necessity,80943.00401312679,774.0,1651.6834213370269,16967.58632723118,0.1,12.0,31452.0,39.0,,,14.320090509453161,640.0,186643.44959954298,105700.44558641619,,,,,,,,,,,,,0,
19,85,necessity,-91475.13208038927,799.0,3659.639145127263,11893.86844808342,0.1,11.0,31452.0,65.0,,,14.320090509453161,640.0,142726.42137700104,234201.5534573903,,,,,,,,,,,,,0,
20,85,necessity,1658.608027196824,798.0,1651.6614792524308,9759.91396487391,0.1,10.0,31452.0,42.0,,,14.320090509453161,640.0,107359.05361361301,105700.44558641619,,,,,,,,,,,,,0,
21,85,necessity,-108419.7554907653,820.0,4928.955958147386,20701.673030183967,0.1,11.0,31452.0,117.0,,,14.320090509453161,640.0,207016.73030183968,315436.485792605,,,,,,,,,,,,,0,
4,86,necessity,-71426.10854592988,2036.0,272.0435186035778,0.0,0.1,8.0,26010.0,330.0,,,9.796269576824464,1271.0,0.0,71426.10854592988,,,,,,,,,,,,,0,
5,86,necessity,280740.8098636415,1833.0,1367.3980645870752,56588.445957690645,0.1,9.0,26010.0,173.0,,,9.796269576824464,1271.0,452707.56766152516,171966.75779788368,,,,,,,,,,,,,0,
6,86,necessity,93965.5442717259,1787.0,1990.1647214973048,38236.75263509342,0.1,8.0,26010.0,0.0,,,9.796269576824464,1271.0,344130.77371584077,250165.22944411487,,,,,,,,,,,,,0,
7,86,necessity,-148262.89872098246,1914.0,1172.8542816753163,0.0,0.1,7.0,26010.0,29.0,,,9.796269576824464,1271.0,0.0,148262.89872098246,,,,,,,,,,,,,0,
8,86,necessity,-61217.787861041914,2012.0,626.8415179942754,2603.5442887779973,0.1,8.0,26010.0,0.0,,,9.796269576824464,1271.0,18224.81002144598,79442.5978824879,,,,,,,,,,,,,0,
9,86,necessity,-173783.75145683083,2139.0,1369.951211542629,0.0,0.1,7.0,26010.0,33.0,,,9.796269576824464,1271.0,0.0,173783.75145683083,,,,,,,,,,,,,0,
10,86,necessity,-58776.2700794578,2233.0,625.7122845834588,2952.332543290014,0.1,8.0,26010.0,646.0,,,9.796269576824464,1271.0,20666.3278030301,79442.5978824879,,,,,,,,,,,,,0,
11,86,necessity,763628.7821783746,1714.0,1471.2216456889396,118802.85785418656,0.1,9.0,26010.0,243.0,,,9.796269576824464,1271.0,950422.8628334925,186794.0806551179,,,,,,,,,,,,,0,
12,86,necessity,241721.6785805407,1598.0,2083.2695817904964,56245.97312004289,0.1,8.0,26010.0,27.0,,,9.796269576824464,1271.0,506213.758080386,264492.0794998453,,,,,,,,,,,,,0,
13,86,necessity,-123722.24950328443,1698.0,1237.5025872949032,4177.293402991351,0.1,7.0,26010.0,13.0,,,9.796269576824464,1271.0,33418.34722393081,157140.59672721525,,,,,,,,,,,,,0,
14,86,necessity,-71309.52786650123,1812.0,625.5720885166501,1161.8671451409525,0.1,6.0,26010.0,205.0,,,9.796269576824464,1271.0,8133.070015986668,79442.5978824879,,,,,,,,,,,,,0,
15,86,necessity,96628.14948026548,1734.0,1238.6664168973962,42322.045952753695,0.1,7.0,26010.0,79.0,,,9.796269576824464,1271.0,253932.27571652218,157304.1262362567,,,,,,,,,,,,,0,
16,86,necessity,-30560.697676460295,1782.0,636.7443280114046,7186.188961653583,0.1,6.0,26010.0,300.0,,,9.796269576824464,1271.0,50303.32273157508,80864.02040803537,,,,,,,,,,,,,0,
17,86,necessity,214291.95730124167,1609.0,1238.6439908942984,61932.68058958306,0.1,7.0,26010.0,70.0,,,9.796269576824464,1271.0,371596.0835374984,157304.1262362567,,,,,,,,,,,,,0,
18,86,necessity,-30921.969544328487,1666.0,542.5181960643653,5425.188317799126,0.1,6.0,26010.0,0.0,,,9.796269576824464,1271.0,37976.31822459388,68898.28776892237,,,,,,,,,,,,,0,
19,86,necessity,-157304.1262362567,1793.0,1238.6274837541614,0.0,0.1,5.0,26010.0,97.0,,,9.796269576824464,1271.0,0.0,157304.1262362567,,,,,,,,,,,,,0,
20,86,necessity,-31013.36257686159,1823.0,1033.8166391394197,20056.152731879025,0.1,6.0,26010.0,400.0,,,9.796269576824464,1271.0,100280.76365939512,131294.1262362567,,,,,,,,,,,,,0,
21,86,necessity,160741.80007573424,1550.0,588.7964393722842,39253.10505645846,0.1,7.0,26010.0,123.0,,,9.796269576824464,1271.0,235518.63033875075,74776.83026301651,,,,,,,,,,,,,0,
4,87,luxury,-282378.91611793474,695.0,3358.6470539636484,354.3993898191044,0.1,41.0,65225.0,10.0,,,96.92840037570863,472.0,14175.975592764176,296554.8917106989,,,,,,,,,,,,,0,
5,87,luxury,-590805.7315685409,732.0,16421.500809865833,4047.337476710759,0.1,42.0,65225.0,0.0,,,96.92840037570863,472.0,165940.83654514112,756746.568113682,,,,,,,,,,,,,0,
6,87,luxury,-1065424.1188042434,779.0,22961.90819371385,0.0,0.1,41.0,65225.0,0.0,,,96.92840037570863,472.0,0.0,1065424.1188042434,,,,,,,,,,,,,0,
7,87,luxury,-600967.5927847293,826.0,12860.994908155677,0.0,0.1,42.0,65225.0,4.0,,,96.92840037570863,472.0,0.0,600967.5927847293,,,,,,,,,,,,,0,
8,87,luxury,-974361.6201307161,869.0,22704.854108853637,2171.7962919963716,0.1,43.0,65225.0,1.0,,,96.92840037570863,472.0,91215.4442638476,1065577.0643945637,,,,,,,,,,,,,0,
9,87,luxury,-1216475.9937195124,915.0,26467.139363221857,615.9177463655371,0.1,42.0,65225.0,0.0,,,96.92840037570863,472.0,26484.463093718095,1242960.4568132304,,,,,,,,,,,,,0,
10,87,luxury,-778350.9852033958,962.0,16563.973541770967,0.0,0.1,41.0,65225.0,0.0,,,96.92840037570863,472.0,0.0,778350.9852033958,,,,,,,,,,,,,0,
11,87,luxury,-490616.5779268864,1009.0,10439.59056050791,0.0,0.1,42.0,65225.0,53.0,,,96.92840037570863,472.0,0.0,490616.5779268864,,,,,,,,,,,,,0,
12,87,luxury,98503.92943335522,1003.0,16405.230348934852,20702.491300389225,0.1,43.0,65225.0,0.0,,,96.92840037570863,472.0,869504.6346163475,771000.7051829923,,,,,,,,,,,,,0,
13,87,luxury,-1228171.3260075983,1050.0,26132.451629982355,0.0,0.1,42.0,65225.0,0.0,,,96.92840037570863,472.0,0.0,1228171.3260075983,,,,,,,,,,,,,0,
14,87,luxury,-771000.7051829923,1097.0,16404.594100550694,0.0,0.1,43.0,65225.0,27.0,,,96.92840037570863,472.0,0.0,771000.7051829923,,,,,,,,,,,,,0,
15,87,luxury,-523408.72307410196,1117.0,26171.36638905449,16433.36247847973,0.1,44.0,65225.0,29.0,,,96.92840037570863,472.0,706634.5865746284,1230043.3096487303,,,,,,,,,,,,,0,
16,87,luxury,-587086.989304705,1135.0,32616.62789170438,21497.371171024686,0.1,45.0,65225.0,0.0,,,96.92840037570863,472.0,945884.3315250862,1532971.3208297912,,,,,,,,,,,,,0,
17,87,luxury,-1825130.6516231413,1182.0,38832.69570805465,0.0,0.1,44.0,65225.0,10.0,,,96.92840037570863,472.0,0.0,1825130.6516231413,,,,,,,,,,,,,0,
18,87,luxury,-1075430.0467167455,1219.0,29065.74612346417,6605.86364637858,0.1,45.0,65225.0,0.0,,,96.92840037570863,472.0,290658.0004406575,1366088.047157403,,,,,,,,,,,,,0,
19,87,luxury,-1863330.95810573,1266.0,39645.37140729422,0.0,0.1,44.0,65225.0,2.0,,,96.92840037570863,472.0,0.0,1863330.95810573,,,,,,,,,,,,,0,
20,87,luxury,-1307956.5929234226,1311.0,29065.70850908466,1321.1694144086466,0.1,45.0,65225.0,1.0,,,96.92840037570863,472.0,58131.454233980454,1366088.047157403,,,,,,,,,,,,,0,
21,87,luxury,-1784712.9027943106,1357.0,38798.110333405384,862.1803280192003,0.1,44.0,65225.0,4.0,,,96.92840037570863,472.0,38798.11476086401,1823511.0175551747,,,,,,,,,,,,,0,
4,88,luxury,-319863.6361087171,683.0,3704.0388343877275,0.0,0.1,70.0,64501.0,0.0,,,129.63171753439647,495.0,0.0,319863.6361087171,,,,,,,,,,,,,0,
5,88,luxury,-766287.8308362175,733.0,15490.029260659277,0.0,0.1,71.0,64501.0,0.0,,,129.63171753439647,495.0,0.0,766287.8308362175,,,,,,,,,,,,,0,
6,88,luxury,-1076400.6975522656,783.0,21608.777208707987,0.0,0.1,72.0,64501.0,23.0,,,129.63171753439647,495.0,0.0,1076400.6975522656,,,,,,,,,,,,,0,
7,88,luxury,-676981.6667018114,810.0,25196.245086421335,8065.380253327112,0.1,73.0,64501.0,9.0,,,129.63171753439647,495.0,580707.378239552,1257689.0449413634,,,,,,,,,,,,,0,
8,88,luxury,-1289271.8054730878,851.0,31497.14039782605,3884.846006782644,0.1,72.0,64501.0,8.0,,,129.63171753439647,495.0,283593.758495133,1572865.5639682207,,,,,,,,,,,,,0,
9,88,luxury,-941736.8398680751,893.0,22440.492802886027,2495.1235054000526,0.1,71.0,64501.0,24.0,,,129.63171753439647,495.0,179648.8923888038,1121385.7322568789,,,,,,,,,,,,,0,
10,88,luxury,-421640.0159525649,919.0,16232.852790448458,5487.786613919236,0.1,72.0,64501.0,3.0,,,129.63171753439647,495.0,389632.84958826576,811272.8655408307,,,,,,,,,,,,,0,
11,88,luxury,-1194431.420022147,966.0,25422.861492693304,1059.406585023954,0.1,71.0,64501.0,3.0,,,129.63171753439647,495.0,76277.27412172468,1270708.6941438718,,,,,,,,,,,,,0,
12,88,luxury,-762579.8530487308,1013.0,16226.84369958391,685.8170773535193,0.1,70.0,64501.0,0.0,,,129.63171753439647,495.0,48693.01249209987,811272.8655408307,,,,,,,,,,,,,0,
13,88,luxury,-502946.45229267486,1063.0,10059.272720355893,0.0,0.1,69.0,64501.0,12.0,,,129.63171753439647,495.0,0.0,502946.45229267486,,,,,,,,,,,,,0,
14,88,luxury,-142703.60869221104,1101.0,3755.4306858287837,653.1351387479199,0.1,70.0,64501.0,108.0,,,129.63171753439647,495.0,45066.32457360647,187769.9332658175,,,,,,,,,,,,,0,
15,88,luxury,532291.5303736704,1043.0,9177.368458087965,14159.374812003409,0.1,71.0,64501.0,7.0,,,129.63171753439647,495.0,991156.2368402386,458864.7064665681,,,,,,,,,,,,,0,
16,88,luxury,-632119.1095646807,1086.0,14700.553061547427,1449.3532727037873,0.1,70.0,64501.0,7.0,,,129.63171753439647,495.0,102904.0823619689,735023.1919266497,,,,,,,,,,,,,0,
17,88,luxury,-398978.0445977807,1129.0,9278.59361436349,927.8624875445496,0.1,69.0,64501.0,14.0,,,129.63171753439647,495.0,64950.37412811847,463928.41872589913,,,,,,,,,,,,,0,
18,88,luxury,-135194.20788216963,1165.0,3755.4047646033537,761.9670345456215,0.1,68.0,64501.0,73.0,,,129.63171753439647,495.0,52575.72538364788,187769.9332658175,,,,,,,,,,,,,0,
19,88,luxury,2020583.3535639932,1142.0,87851.12717774019,94310.77852118696,0.1,69.0,64501.0,4.0,,,129.63171753439647,495.0,6413132.939440713,4392549.58587672,,,,,,,,,,,,,0,
20,88,luxury,-263960.7912359177,1188.0,5738.283664493192,332.6543659430783,0.1,68.0,64501.0,6.0,,,129.63171753439647,495.0,22953.151250072402,286913.9424859901,,,,,,,,,,,,,0,
21,88,luxury,-3865443.18275466,1232.0,87851.02392177795,7751.5647517949965,0.1,69.0,64501.0,1.0,,,129.63171753439647,495.0,527106.4031220598,4392549.58587672,,,,,,,,,,,,,0,
4,89,luxury,-310734.30418681714,682.0,4416.487346778855,1650.4914235056547,0.1,49.0,72088.0,0.0,,,190.92242972723585,490.0,79223.58832827142,389957.89251508855,,,,,,,,,,,,,0,
5,89,luxury,-885082.6244134632,731.0,18422.475142514664,0.0,0.1,48.0,72088.0,5.0,,,190.92242972723585,490.0,0.0,885082.6244134632,,,,,,,,,,,,,0,
6,89,luxury,-342189.9538664917,775.0,7848.983352907193,828.108262501104,0.1,49.0,72088.0,4.0,,,190.92242972723585,490.0,39749.196600052994,381939.15046654467,,,,,,,,,,,,,0,
7,89,luxury,-823030.4342361961,820.0,18396.52802460937,1504.359579496339,0.1,50.0,72088.0,22.0,,,190.92242972723585,490.0,73713.61939532061,896744.0536315168,,,,,,,,,,,,,0,
8,89,luxury,-655919.915220409,847.0,24454.57452965111,10790.864367084967,0.1,51.0,72088.0,16.0,,,190.92242972723585,490.0,539543.2183542483,1195463.1335746574,,,,,,,,,,,,,0,
9,89,luxury,-948720.6293735125,880.0,28832.682157052215,9050.85565016615,0.1,50.0,72088.0,3.0,,,190.92242972723585,490.0,461593.63815847365,1410314.267531986,,,,,,,,,,,,,0,
10,89,luxury,-840585.5690268882,926.0,18290.2046502363,1098.4759068025185,0.1,49.0,72088.0,21.0,,,190.92242972723585,490.0,54923.79534012592,895509.3643670141,,,,,,,,,,,,,0,
11,89,luxury,-340820.04118342,954.0,12185.675978449675,5223.882515111294,0.1,50.0,72088.0,22.0,,,190.92242972723585,490.0,255970.24324045342,596790.2844238734,,,,,,,,,,,,,0,
12,89,luxury,-514450.32133156026,981.0,19070.085137299935,8391.486601627164,0.1,51.0,72088.0,1.0,,,190.92242972723585,490.0,419574.3300813582,934024.6514129185,,,,,,,,,,,,,0,
13,89,luxury,-1405280.1756714417,1029.0,29284.639356127915,574.3093087684765,0.1,50.0,72088.0,10.0,,,190.92242972723585,490.0,29289.7747471923,1434569.950418634,,,,,,,,,,,,,0,
14,89,luxury,-743357.2279345845,1068.0,19063.98383638465,3813.3484695666793,0.1,51.0,72088.0,11.0,,,190.92242972723585,490.0,190667.42347833398,934024.6514129185,,,,,,,,,,,,,0,
15,89,luxury,-1114835.9491349969,1106.0,29340.70328736692,6328.7242279305865,0.1,52.0,72088.0,4.0,,,190.92242972723585,490.0,322764.93562445993,1437600.8847594569,,,,,,,,,,,,,0,
16,89,luxury,-1629522.6138172017,1151.0,36212.76562272386,2785.7062357899076,0.1,51.0,72088.0,8.0,,,190.92242972723585,490.0,144856.7242610752,1774379.338078277,,,,,,,,,,,,,0,
17,89,luxury,-1063319.6430575724,1192.0,25934.925577600923,4068.3031700816878,0.1,52.0,72088.0,2.0,,,190.92242972723585,490.0,207483.4616741661,1270803.1047317386,,,,,,,,,,,,,0,
18,89,luxury,-1698475.7858013548,1239.0,36137.94489818862,1389.9241535137812,0.1,51.0,72088.0,0.0,,,190.92242972723585,490.0,72276.05598271663,1770751.8417840714,,,,,,,,,,,,,0,
19,89,luxury,-1270803.1047317386,1288.0,25934.784151104483,0.0,0.1,50.0,72088.0,2.0,,,190.92242972723585,490.0,0.0,1270803.1047317386,,,,,,,,,,,,,0,
20,89,luxury,-895901.1559156675,1335.0,19061.732233033028,762.4699099450177,0.1,51.0,72088.0,39.0,,,190.92242972723585,490.0,38123.495497250886,934024.6514129185,,,,,,,,,,,,,0,
21,89,luxury,-295528.90094764787,1345.0,29552.92584215503,22599.298187932873,0.1,52.0,72088.0,7.0,,,190.92242972723585,490.0,1152564.2075845764,1448093.1085322243,,,,,,,,,,,,,0,
