data/saved_data/run_2025_04_03_2018_testingbracketgraphagain/firm_data.csv
Step,AgentID,FirmType,Profit,Inventory,ProductPrice,RevenuePerEmployee,ProductionLevel,NumEmployees,EntryWage,DemandReceived,InventoryDemandRatio,SellThroughRate,ProductionCost,ProductionCapacity,Revenue,Costs,IncomeBracket,NumPeople,SpendRatio,IncomeTaxRate,PostTaxIncome,HouseholdExpense,HouseholdSavings,HealthLevel,Welfare,SkillLevel,SkillType,JobLevel,IsEmployed,Wage
4,90,luxury,-256996.81229507027,1043.0,2100.0383566958853,1477.2859378705725,0.1,16.0,61711.0,208.0,,,137.5567593752656,600.0,22159.289068058588,279156.10136312887,,,,,,,,,,,,,0,
5,90,luxury,1839076.9786541713,895.0,12296.526307651138,159617.69284596047,0.1,17.0,61711.0,0.0,,,137.5567593752656,600.0,2553883.0855353675,714806.1068811963,,,,,,,,,,,,,0,
6,90,luxury,-975281.5198515394,955.0,16594.440181656184,0.0,0.1,16.0,61711.0,3.0,,,137.5567593752656,600.0,0.0,975281.5198515394,,,,,,,,,,,,,0,
7,90,luxury,-502034.7739094402,1012.0,8900.2604132139,1687.804372008522,0.1,17.0,61711.0,9.0,,,137.5567593752656,600.0,27004.869952136352,529039.6438615766,,,,,,,,,,,,,0,
8,90,luxury,-790012.0917959362,1063.0,15596.454504099875,8291.714854026326,0.1,18.0,61711.0,24.0,,,137.5567593752656,600.0,140959.15251844755,930971.2443143838,,,,,,,,,,,,,0,
9,90,luxury,-658776.1648815766,1099.0,18414.911916146393,24610.21184739683,0.1,19.0,61711.0,10.0,,,137.5567593752656,600.0,442983.81325314293,1101759.9781347194,,,,,,,,,,,,,0,
10,90,luxury,-1137496.6204756964,1149.0,22798.506181081193,12014.553185253535,0.1,18.0,61711.0,0.0,,,137.5567593752656,600.0,228276.51051981718,1365773.1309955136,,,,,,,,,,,,,0,
11,90,luxury,-963841.5305427064,1209.0,16075.337419226644,0.0,0.1,17.0,61711.0,6.0,,,137.5567593752656,600.0,0.0,963841.5305427064,,,,,,,,,,,,,0,
12,90,luxury,-629796.25847274,1263.0,11665.859493641767,4119.536424068969,0.1,18.0,61711.0,19.0,,,137.5567593752656,600.0,70032.11920917247,699828.3776819124,,,,,,,,,,,,,0,
13,90,luxury,-775349.2739336389,1304.0,18914.331763583188,19966.70982447456,0.1,19.0,61711.0,3.0,,,137.5567593752656,600.0,359400.7768405421,1134750.050774181,,,,,,,,,,,,,0,
14,90,luxury,-1330347.6710000967,1361.0,23340.794315870196,3685.5492086553086,0.1,18.0,61711.0,13.0,,,137.5567593752656,600.0,70025.43496445086,1400373.1059645475,,,,,,,,,,,,,0,
15,90,luxury,-756259.1492223295,1408.0,16091.24255692215,11621.793536108302,0.1,19.0,61711.0,26.0,,,137.5567593752656,600.0,209192.28364994944,965451.432872279,,,,,,,,,,,,,0,
16,90,luxury,-795018.5703039209,1442.0,23383.859609220297,31999.004655564608,0.1,20.0,61711.0,3.0,,,137.5567593752656,600.0,607981.0884557276,1402999.6587596484,,,,,,,,,,,,,0,
17,90,luxury,-1603633.3365357895,1499.0,28134.431807331588,4220.188860460261,0.1,19.0,61711.0,0.0,,,137.5567593752656,600.0,84403.77720920522,1688037.1137449949,,,,,,,,,,,,,0,
18,90,luxury,-1250488.8878576253,1559.0,20841.641255419523,0.0,0.1,18.0,61711.0,0.0,,,137.5567593752656,600.0,0.0,1250488.8878576253,,,,,,,,,,,,,0,
19,90,luxury,-984865.8326672588,1619.0,16414.461801532747,0.0,0.1,19.0,61711.0,8.0,,,137.5567593752656,600.0,0.0,984865.8326672588,,,,,,,,,,,,,0,
20,90,luxury,-1258143.9867884468,1671.0,24195.095035149836,10187.42328246115,0.1,20.0,61711.0,6.0,,,137.5567593752656,600.0,193561.04236676186,1451705.0291552087,,,,,,,,,,,,,0,
21,90,luxury,-1549982.5093992506,1725.0,28703.388438159374,8611.018535825951,0.1,19.0,61711.0,1.0,,,137.5567593752656,600.0,172220.370716519,1722202.8801157696,,,,,,,,,,,,,0,
4,91,luxury,-283194.11850772455,867.0,2635.6648454840256,141.41257273655654,0.1,60.0,60357.0,142.0,,,90.78808275033597,442.0,8343.341791456836,291537.4602991814,,,,,,,,,,,,,0,
5,91,luxury,1751690.5481043644,769.0,17665.270032125653,41745.7829401741,0.1,61.0,60357.0,5.0,,,90.78808275033597,442.0,2504746.9764104458,753056.4283060813,,,,,,,,,,,,,0,
6,91,luxury,-900637.025237844,808.0,23673.53811445575,1961.846063349301,0.1,60.0,60357.0,5.0,,,90.78808275033597,442.0,119672.60986430736,1020309.6351021513,,,,,,,,,,,,,0,
7,91,luxury,-488346.6073867705,847.0,12673.44393068746,1068.1482319326244,0.1,59.0,60357.0,0.0,,,90.78808275033597,442.0,64088.893915957466,552435.501302728,,,,,,,,,,,,,0,
8,91,luxury,-285182.29450665787,891.0,6517.992999723782,0.0,0.1,58.0,60357.0,4.0,,,90.78808275033597,442.0,0.0,285182.29450665787,,,,,,,,,,,,,0,
9,91,luxury,-3184293.4774501733,931.0,79764.66413615705,5524.2620377731255,0.1,59.0,60357.0,0.0,,,90.78808275033597,442.0,320407.1981908413,3504700.6756410147,,,,,,,,,,,,,0,
10,91,luxury,-295057.0482763062,975.0,6711.045389382851,0.0,0.1,58.0,60357.0,56.0,,,90.78808275033597,442.0,0.0,295057.0482763062,,,,,,,,,,,,,0,
11,91,luxury,959288.6952731968,963.0,79692.46135873883,76965.3339812795,0.1,59.0,60357.0,0.0,,,90.78808275033597,442.0,4463989.3709142115,3504700.6756410147,,,,,,,,,,,,,0,
12,91,luxury,-258542.98510553947,1007.0,5878.199598214061,0.0,0.1,58.0,60357.0,16.0,,,90.78808275033597,442.0,0.0,258542.98510553947,,,,,,,,,,,,,0,
13,91,luxury,-2229781.9652708396,1035.0,79665.84536408648,21981.35707534784,0.1,59.0,60357.0,0.0,,,90.78808275033597,442.0,1274918.7103701748,3504700.6756410147,,,,,,,,,,,,,0,
14,91,luxury,-323633.4538338838,1079.0,7356.244663931923,0.0,0.1,58.0,60357.0,51.0,,,90.78808275033597,442.0,0.0,323633.4538338838,,,,,,,,,,,,,0,
15,91,luxury,558084.6518453276,1072.0,79658.89632963359,70048.02288769555,0.1,59.0,60357.0,0.0,,,90.78808275033597,442.0,4062785.3274863423,3504700.6756410147,,,,,,,,,,,,,0,
16,91,luxury,-264866.86285552674,1116.0,6020.026001426893,0.0,0.1,58.0,60357.0,30.0,,,90.78808275033597,442.0,0.0,264866.86285552674,,,,,,,,,,,,,0,
17,91,luxury,-1115003.1370409066,1130.0,79655.07902162224,41201.681700001864,0.1,59.0,60357.0,2.0,,,90.78808275033597,442.0,2389697.538600108,3504700.6756410147,,,,,,,,,,,,,0,
18,91,luxury,-260102.78195795816,1172.0,6193.096430323343,209.93731711392255,0.1,58.0,60357.0,29.0,,,90.78808275033597,442.0,12386.30170972143,272489.0836676796,,,,,,,,,,,,,0,
19,91,luxury,-1194723.5789458365,1187.0,79653.22882530962,39827.19132233066,0.1,59.0,60357.0,0.0,,,90.78808275033597,442.0,2309977.096695178,3504700.6756410147,,,,,,,,,,,,,0,
20,91,luxury,-293066.35154597514,1231.0,6660.642096827836,0.0,0.1,58.0,60357.0,32.0,,,90.78808275033597,442.0,0.0,293066.35154597514,,,,,,,,,,,,,0,
21,91,luxury,-955810.868062669,1243.0,79652.57139470475,43946.3759927301,0.1,59.0,60357.0,1.0,,,90.78808275033597,442.0,2548889.8075783458,3504700.6756410147,,,,,,,,,,,,,0,
4,92,luxury,-286660.7214007255,782.0,3327.960610001198,638.4752761543001,0.1,78.0,71580.0,0.0,,,192.7703750322161,423.0,49162.59626388111,335823.3176646066,,,,,,,,,,,,,0,
5,92,luxury,-839910.3798293443,824.0,20395.94822456843,0.0,0.1,77.0,71580.0,13.0,,,192.7703750322161,423.0,0.0,839910.3798293443,,,,,,,,,,,,,0,
6,92,luxury,-221630.07600655546,853.0,7764.95286888489,1327.811407870828,0.1,78.0,71580.0,36.0,,,192.7703750322161,423.0,102241.47840605375,323871.5544126092,,,,,,,,,,,,,0,
7,92,luxury,-120512.74973978847,859.0,21100.465397371914,9742.046821284963,0.1,79.0,71580.0,0.0,,,192.7703750322161,423.0,759879.6520602271,880392.4018000156,,,,,,,,,,,,,0,
8,92,luxury,-1198207.4493314035,901.0,28670.368274641663,0.0,0.1,78.0,71580.0,5.0,,,192.7703750322161,423.0,0.0,1198207.4493314035,,,,,,,,,,,,,0,
9,92,luxury,-564916.1243320585,938.0,15312.381455474879,984.236892460751,0.1,79.0,71580.0,0.0,,,192.7703750322161,423.0,76770.47761193858,641686.6019439971,,,,,,,,,,,,,0,
10,92,luxury,-1138694.5706136615,980.0,27145.084913299142,0.0,0.1,78.0,71580.0,6.0,,,192.7703750322161,423.0,0.0,1138694.5706136615,,,,,,,,,,,,,0,
11,92,luxury,-549904.4603842716,1016.0,15282.944854870777,1176.6941225605826,0.1,79.0,71580.0,0.0,,,192.7703750322161,423.0,91782.14155972545,641686.6019439971,,,,,,,,,,,,,0,
12,92,luxury,-1145582.0716823635,1058.0,27280.370799786982,0.0,0.1,78.0,71580.0,5.0,,,192.7703750322161,423.0,0.0,1145582.0716823635,,,,,,,,,,,,,0,
13,92,luxury,-565282.4346311479,1095.0,15279.413529341786,979.5406065749897,0.1,79.0,71580.0,15.0,,,192.7703750322161,423.0,76404.1673128492,641686.6019439971,,,,,,,,,,,,,0,
14,92,luxury,-777399.0270111908,1122.0,28795.19474393083,5467.587636856869,0.1,80.0,71580.0,8.0,,,192.7703750322161,423.0,431939.4233116926,1209338.4503228834,,,,,,,,,,,,,0,
15,92,luxury,-1166569.6430695835,1156.0,34312.54154707012,3431.296622454002,0.1,79.0,71580.0,6.0,,,192.7703750322161,423.0,274503.72979632014,1441073.3728659037,,,,,,,,,,,,,0,
16,92,luxury,-748642.3968246124,1192.0,20796.09690019852,1579.4826286380362,0.1,78.0,71580.0,9.0,,,192.7703750322161,423.0,124779.12766240486,873421.5244870173,,,,,,,,,,,,,0,
17,92,luxury,-436545.9606312196,1225.0,13228.824604238864,1526.4168759539716,0.1,77.0,71580.0,15.0,,,192.7703750322161,423.0,119060.5163244098,555606.4769556294,,,,,,,,,,,,,0,
18,92,luxury,-154176.60752565472,1252.0,5710.291964428634,1112.3983216716697,0.1,76.0,71580.0,26.0,,,192.7703750322161,423.0,85654.67076871857,239831.27829437327,,,,,,,,,,,,,0,
19,92,luxury,-2075481.8335751323,1268.0,129718.93668171158,44377.5595023187,0.1,77.0,71580.0,1.0,,,192.7703750322161,423.0,3372694.522176221,5448176.355751353,,,,,,,,,,,,,0,
20,92,luxury,-342606.5804551796,1309.0,8356.280564056646,108.52322197887912,0.1,76.0,71580.0,23.0,,,192.7703750322161,423.0,8356.288092373692,350962.8685475533,,,,,,,,,,,,,0,
21,92,luxury,-2464643.357915116,1328.0,129718.70343809265,39257.01312942417,0.1,77.0,71580.0,1.0,,,192.7703750322161,423.0,2983532.9978362373,5448176.355751353,,,,,,,,,,,,,0,
4,93,luxury,-282916.49018211087,685.0,3276.188813682575,0.0,0.1,68.0,65436.0,48.0,,,53.277759354605266,442.0,0.0,282916.49018211087,,,,,,,,,,,,,0,
5,93,luxury,94291.37954504753,681.0,17633.84505973774,12540.581100369684,0.1,69.0,65436.0,12.0,,,53.277759354605266,442.0,852759.5148251385,758468.135280091,,,,,,,,,,,,,0,
6,93,luxury,-762828.0918951415,713.0,24404.47949967555,4277.875345847848,0.1,68.0,65436.0,0.0,,,53.277759354605266,442.0,295173.3988635015,1058001.490758643,,,,,,,,,,,,,0,
7,93,luxury,-580052.3464897057,757.0,13271.57575768545,0.0,0.1,67.0,65436.0,7.0,,,53.277759354605266,442.0,0.0,580052.3464897057,,,,,,,,,,,,,0,
8,93,luxury,-253528.9429680479,794.0,6881.596021148175,721.6214018224894,0.1,68.0,65436.0,23.0,,,53.277759354605266,442.0,48348.63392210679,301877.5768901547,,,,,,,,,,,,,0,
9,93,luxury,-362728.3338189679,815.0,17369.456097136528,5879.3935674916875,0.1,69.0,65436.0,11.0,,,53.277759354605266,442.0,399798.76258943474,762527.0964084027,,,,,,,,,,,,,0,
10,93,luxury,-783923.9186174176,848.0,23802.885398292794,3798.530040743398,0.1,68.0,65436.0,0.0,,,53.277759354605266,442.0,262098.57281129446,1046022.491428712,,,,,,,,,,,,,0,
11,93,luxury,-585372.9719104641,892.0,13311.396949723956,0.0,0.1,67.0,65436.0,27.0,,,53.277759354605266,442.0,0.0,585372.9719104641,,,,,,,,,,,,,0,
12,93,luxury,-116530.56124421876,909.0,6863.356535164227,2766.37336784979,0.1,68.0,65436.0,0.0,,,53.277759354605266,442.0,185347.01564593593,301877.5768901547,,,,,,,,,,,,,0,
13,93,luxury,-756872.2992878063,953.0,17205.09387975942,0.0,0.1,67.0,65436.0,20.0,,,53.277759354605266,442.0,0.0,756872.2992878063,,,,,,,,,,,,,0,
14,93,luxury,-164632.96710543195,977.0,6861.473275340621,2048.4270117122796,0.1,68.0,65436.0,10.0,,,53.277759354605266,442.0,137244.60978472274,301877.5768901547,,,,,,,,,,,,,0,
15,93,luxury,-590225.9298669188,1011.0,17361.222221831136,2553.178594262893,0.1,69.0,65436.0,12.0,,,53.277759354605266,442.0,173616.14440987672,763842.0742767955,,,,,,,,,,,,,0,
16,93,luxury,-759047.1618157282,1043.0,23721.548358887747,4125.640398642679,0.1,70.0,65436.0,0.0,,,53.277759354605266,442.0,284669.18750634487,1043716.349322073,,,,,,,,,,,,,0,
17,93,luxury,-1252445.9979371869,1087.0,28465.028053581813,0.0,0.1,69.0,65436.0,14.0,,,53.277759354605266,442.0,0.0,1252445.9979371869,,,,,,,,,,,,,0,
18,93,luxury,-538961.5939642384,1117.0,17965.542981676168,3645.216037482722,0.1,70.0,65436.0,0.0,,,53.277759354605266,442.0,251519.90658630783,790481.5005505462,,,,,,,,,,,,,0,
19,93,luxury,-1287722.6106273346,1161.0,29266.47135002745,0.0,0.1,69.0,65436.0,3.0,,,53.277759354605266,442.0,0.0,1287722.6106273346,,,,,,,,,,,,,0,
20,93,luxury,-736584.94428109,1202.0,17965.495767471668,781.1095111515391,0.1,70.0,65436.0,4.0,,,53.277759354605266,442.0,53896.556269456196,790481.5005505462,,,,,,,,,,,,,0,
21,93,luxury,-1172789.8866260063,1242.0,29319.754483849418,1675.4148958844528,0.1,71.0,65436.0,1.0,,,53.277759354605266,442.0,117279.0427119117,1290068.929337918,,,,,,,,,,,,,0,
4,94,luxury,-351003.3614862312,791.0,3512.1634555299374,0.0,0.1,17.0,69770.0,40.0,,,55.64289747015677,666.0,0.0,351003.3614862312,,,,,,,,,,,,,0,
5,94,luxury,-321089.97357239365,818.0,12667.248416746625,30209.240966558853,0.1,18.0,69770.0,5.0,,,55.64289747015677,666.0,513557.0964315005,834647.0700038942,,,,,,,,,,,,,0,
6,94,luxury,-1055371.7924069436,880.0,17231.89834725858,4814.551625924655,0.1,17.0,69770.0,22.0,,,55.64289747015677,666.0,86661.9292666438,1142033.7216735873,,,,,,,,,,,,,0,
7,94,luxury,-438497.13529415417,925.0,9845.085728002085,12817.04315016734,0.1,18.0,69770.0,35.0,,,55.64289747015677,666.0,217889.73355284476,656386.8688469989,,,,,,,,,,,,,0,
8,94,luxury,-311808.86322397075,957.0,9842.672381191667,19143.222534612676,0.1,19.0,69770.0,11.0,,,55.64289747015677,666.0,344578.00562302815,656386.8688469989,,,,,,,,,,,,,0,
9,94,luxury,-958141.8188790943,1013.0,17185.53586646612,9961.122264854934,0.1,18.0,69770.0,0.0,,,55.64289747015677,666.0,189261.32303224373,1147403.141911338,,,,,,,,,,,,,0,
10,94,luxury,-656386.8688469989,1080.0,9808.855359010693,0.0,0.1,17.0,69770.0,19.0,,,55.64289747015677,666.0,0.0,656386.8688469989,,,,,,,,,,,,,0,
11,94,luxury,-249908.40955843573,1128.0,5210.55834516266,5828.929859933519,0.1,18.0,69770.0,16.0,,,55.64289747015677,666.0,99091.80761886982,349000.21717730555,,,,,,,,,,,,,0,
12,94,luxury,-666907.3846642477,1179.0,13080.084719313962,11628.348920170687,0.1,19.0,69770.0,1.0,,,55.64289747015677,666.0,209310.28056307236,876217.6652273202,,,,,,,,,,,,,0,
13,94,luxury,-1229506.1393996116,1245.0,18630.187138054756,980.6355613524566,0.1,18.0,69770.0,14.0,,,55.64289747015677,666.0,18632.075665696677,1248138.2150653084,,,,,,,,,,,,,0,
14,94,luxury,-570270.4273704301,1298.0,10760.338481519908,8369.463313603555,0.1,19.0,69770.0,4.0,,,55.64289747015677,666.0,150650.339644864,720920.767015294,,,,,,,,,,,,,0,
15,94,luxury,-1134586.378928339,1361.0,18009.643302522814,3791.55579089491,0.1,18.0,69770.0,31.0,,,55.64289747015677,666.0,72039.56002700329,1206625.9389553424,,,,,,,,,,,,,0,
16,94,luxury,-387354.83346766134,1397.0,10760.092267938868,18531.44075264626,0.1,19.0,69770.0,0.0,,,55.64289747015677,666.0,333565.9335476327,720920.767015294,,,,,,,,,,,,,0,
17,94,luxury,-1222338.4190836735,1464.0,18243.959707294034,0.0,0.1,18.0,69770.0,2.0,,,55.64289747015677,666.0,0.0,1222338.4190836735,,,,,,,,,,,,,0,
18,94,luxury,-699400.6226484934,1529.0,10760.038618326753,1195.5635759333682,0.1,19.0,69770.0,6.0,,,55.64289747015677,666.0,21520.144366800625,720920.767015294,,,,,,,,,,,,,0,
19,94,luxury,-1103409.299342439,1590.0,18088.706558064423,5712.229738039191,0.1,20.0,69770.0,4.0,,,55.64289747015677,666.0,108532.36502274463,1211941.6643651838,,,,,,,,,,,,,0,
20,94,luxury,-1329689.5407060748,1653.0,21106.200960149963,4221.242908763336,0.1,19.0,69770.0,4.0,,,55.64289747015677,666.0,84424.85817526672,1414114.3988813416,,,,,,,,,,,,,0,
21,94,luxury,-867983.3993939313,1716.0,13777.51738913342,2900.5316914484524,0.1,18.0,69770.0,35.0,,,55.64289747015677,666.0,55110.1021375206,923093.5015314518,,,,,,,,,,,,,0,
