data/saved_data/run_2025_04_03_2018_testingbracketgraphagain/firm_data.csv
Step,AgentID,FirmType,Profit,Inventory,ProductPrice,RevenuePerEmployee,ProductionLevel,NumEmployees,EntryWage,DemandReceived,InventoryDemandRatio,SellThroughRate,ProductionCost,ProductionCapacity,Revenue,Costs,IncomeBracket,NumPeople,SpendRatio,IncomeTaxRate,PostTaxIncome,HouseholdExpense,HouseholdSavings,HealthLevel,Welfare,SkillLevel,SkillType,JobLevel,IsEmployed,Wage
4,100,luxury,-229055.4052753949,780.0,2334.0633286671596,0.0,0.1,25.0,53284.0,21.0,,,48.9897149374068,484.0,0.0,229055.4052753949,,,,,,,,,,,,,0,
5,100,luxury,-201745.25548380252,807.0,7875.035819330926,6729.755767854273,0.1,26.0,53284.0,11.0,,,48.9897149374068,484.0,168243.89419635682,369989.14968015935,,,,,,,,,,,,,0,
6,100,luxury,-577989.0172579526,844.0,15943.871152129173,6795.903025637735,0.1,27.0,53284.0,12.0,,,48.9897149374068,484.0,176693.4786665811,754682.4959245337,,,,,,,,,,,,,0,
7,100,luxury,-722740.105840584,880.0,20298.529339248595,9090.975104336338,0.1,28.0,53284.0,0.0,,,48.9897149374068,484.0,245456.32781708112,968196.4336576652,,,,,,,,,,,,,0,
8,100,luxury,-1118794.261238527,928.0,23396.800160923493,0.0,0.1,27.0,53284.0,17.0,,,48.9897149374068,484.0,0.0,1118794.261238527,,,,,,,,,,,,,0,
9,100,luxury,-473118.6887687753,959.0,15308.300392939784,9666.008378717674,0.1,28.0,53284.0,31.0,,,48.9897149374068,484.0,260982.22622537718,734100.9149941525,,,,,,,,,,,,,0,
10,100,luxury,-383376.3395680947,976.0,22606.789598924704,25034.887340700167,0.1,29.0,53284.0,1.0,,,48.9897149374068,484.0,700976.8455396047,1084353.1851076994,,,,,,,,,,,,,0,
11,100,luxury,-1306470.3908245692,1023.0,27812.52025680599,959.2232127781836,0.1,28.0,53284.0,11.0,,,48.9897149374068,484.0,27817.473170567322,1334287.8639951365,,,,,,,,,,,,,0,
12,100,luxury,-758406.9097224749,1060.0,20505.67177132216,8058.167291396948,0.1,29.0,53284.0,22.0,,,48.9897149374068,484.0,225628.68415911455,984035.5938815895,,,,,,,,,,,,,0,
13,100,luxury,-723495.3781612129,1086.0,27837.429400671703,21119.31988337856,0.1,30.0,53284.0,6.0,,,48.9897149374068,484.0,612460.2766179782,1335955.6547791911,,,,,,,,,,,,,0,
14,100,luxury,-1517134.6788706079,1128.0,36126.76818048675,7225.940228854699,0.1,29.0,53284.0,0.0,,,48.9897149374068,484.0,216778.20686564097,1733912.885736249,,,,,,,,,,,,,0,
15,100,luxury,-1381992.8248386472,1176.0,28792.23069236666,0.0,0.1,28.0,53284.0,4.0,,,48.9897149374068,484.0,0.0,1381992.8248386472,,,,,,,,,,,,,0,
16,100,luxury,-902030.5938278192,1220.0,20500.868230659053,2928.7500019203653,0.1,29.0,53284.0,13.0,,,48.9897149374068,484.0,82005.00005377023,984035.5938815895,,,,,,,,,,,,,0,
17,100,luxury,-989171.0896175907,1255.0,28262.192018190763,12669.29410585044,0.1,30.0,53284.0,3.0,,,48.9897149374068,484.0,367409.5290696628,1356580.6186872534,,,,,,,,,,,,,0,
18,100,luxury,-1595499.629682965,1300.0,35455.62115294357,3545.567630412896,0.1,29.0,53284.0,2.0,,,48.9897149374068,484.0,106367.02891238689,1701866.658595352,,,,,,,,,,,,,0,
19,100,luxury,-1300056.3202191824,1346.0,28262.119488979944,1949.1137402783127,0.1,28.0,53284.0,3.0,,,48.9897149374068,484.0,56524.298468071065,1356580.6186872534,,,,,,,,,,,,,0,
20,100,luxury,-922533.3173519479,1391.0,20500.74889890718,2196.509876058627,0.1,29.0,53284.0,22.0,,,48.9897149374068,484.0,61502.27652964156,984035.5938815895,,,,,,,,,,,,,0,
21,100,luxury,-736619.1998657038,1417.0,28331.52427339067,21492.88297194243,0.1,30.0,53284.0,0.0,,,48.9897149374068,484.0,623293.6061863304,1359912.8060520343,,,,,,,,,,,,,0,
4,101,luxury,-210149.00687247276,391.0,4282.8160732403985,0.0,0.1,22.0,49329.0,8.0,,,65.19066863327981,398.0,0.0,210149.00687247276,,,,,,,,,,,,,0,
5,101,luxury,-269201.6755836015,423.0,8613.274557438788,3211.1723822250938,0.1,23.0,49329.0,97.0,,,65.19066863327981,398.0,70645.79240895207,339847.4679925536,,,,,,,,,,,,,0,
6,101,luxury,970734.624956452,366.0,16880.96964922292,71145.29925144851,0.1,24.0,49329.0,31.0,,,65.19066863327981,398.0,1636341.8827833156,665607.2578268636,,,,,,,,,,,,,0,
7,101,luxury,-186826.880610995,375.0,22147.800030109396,28627.993108902665,0.1,23.0,49329.0,0.0,,,65.19066863327981,398.0,687071.834613664,873898.715224659,,,,,,,,,,,,,0,
8,101,luxury,-548138.9253903491,415.0,13788.243277802145,0.0,0.1,22.0,49329.0,1.0,,,65.19066863327981,398.0,0.0,548138.9253903491,,,,,,,,,,,,,0,
9,101,luxury,-331298.7233839913,454.0,8519.837545754723,388.57930038919676,0.1,23.0,49329.0,7.0,,,65.19066863327981,398.0,8548.744608562329,339847.4679925536,,,,,,,,,,,,,0,
10,101,luxury,-571921.1660720952,487.0,17367.733954584248,5292.443522742894,0.1,24.0,49329.0,2.0,,,65.19066863327981,398.0,121726.20102308657,693647.3670951817,,,,,,,,,,,,,0,
11,101,luxury,-851075.9952648749,525.0,22417.402368126088,1869.4029085635086,0.1,23.0,49329.0,1.0,,,65.19066863327981,398.0,44865.66980552421,895941.6650703991,,,,,,,,,,,,,0,
12,101,luxury,-528576.808687716,564.0,13556.397092999503,589.7807513067348,0.1,22.0,49329.0,12.0,,,65.19066863327981,398.0,13564.957280054901,542141.765967771,,,,,,,,,,,,,0,
13,101,luxury,-237871.76425880237,592.0,8496.991362488501,4635.2592606250555,0.1,23.0,49329.0,25.0,,,65.19066863327981,398.0,101975.70373375123,339847.4679925536,,,,,,,,,,,,,0,
14,101,luxury,-253871.83665662672,607.0,16928.984776190777,18401.1580211516,0.1,24.0,49329.0,11.0,,,65.19066863327981,398.0,423226.63448648684,677098.4711431136,,,,,,,,,,,,,0,
15,101,luxury,-635929.1827576333,636.0,21930.820739264873,10051.852562254555,0.1,23.0,49329.0,13.0,,,65.19066863327981,398.0,241244.4614941093,877173.6442517425,,,,,,,,,,,,,0,
16,101,luxury,-364435.9385847121,663.0,13498.475680172578,7629.85663115089,0.1,22.0,49329.0,46.0,,,65.19066863327981,398.0,175486.70251647048,539922.6411011826,,,,,,,,,,,,,0,
17,101,luxury,50988.99110050587,657.0,8496.444550481485,17765.29359513907,0.1,23.0,49329.0,26.0,,,65.19066863327981,398.0,390836.4590930595,339847.4679925536,,,,,,,,,,,,,0,
18,101,luxury,-231123.39350691834,671.0,16510.22109814529,18663.757008272874,0.1,24.0,49329.0,0.0,,,65.19066863327981,398.0,429266.41119027615,660389.8046971945,,,,,,,,,,,,,0,
19,101,luxury,-862970.4045026666,711.0,21574.539712385413,0.0,0.1,23.0,49329.0,21.0,,,65.19066863327981,398.0,0.0,862970.4045026666,,,,,,,,,,,,,0,
20,101,luxury,-257649.63443824608,730.0,13560.798202178254,12381.67101564259,0.1,24.0,49329.0,42.0,,,65.19066863327981,398.0,284778.4333597796,542428.0677980257,,,,,,,,,,,,,0,
21,101,luxury,44507.068692160305,728.0,22250.34776701636,38938.123469820894,0.1,25.0,49329.0,13.0,,,65.19066863327981,398.0,934514.9632757014,890007.8945835411,,,,,,,,,,,,,0,
4,102,luxury,-242536.27873423303,605.0,3177.5322191442906,0.0,0.1,31.0,58888.0,86.0,,,75.20471241394945,379.0,0.0,242536.27873423303,,,,,,,,,,,,,0,
5,102,luxury,543136.9415079589,557.0,10927.156862463686,30572.51213463737,0.1,32.0,58888.0,29.0,,,75.20471241394945,379.0,947747.8761737585,404610.9346657996,,,,,,,,,,,,,0,
6,102,luxury,-172572.43008041242,566.0,21413.800368244287,19481.00149723365,0.1,31.0,58888.0,8.0,,,75.20471241394945,379.0,623392.0479114768,795964.4779918892,,,,,,,,,,,,,0,
7,102,luxury,-317529.0786351616,596.0,10754.565015187196,2809.092130020579,0.1,30.0,58888.0,34.0,,,75.20471241394945,379.0,87081.85603063795,404610.9346657996,,,,,,,,,,,,,0,
8,102,luxury,-16176.469984057505,600.0,4450.32535034965,5061.31194094037,0.1,31.0,58888.0,0.0,,,75.20471241394945,379.0,151839.3582282111,168015.8282122686,,,,,,,,,,,,,0,
9,102,luxury,-400337.1119665195,638.0,10573.003179995298,0.0,0.1,30.0,58888.0,12.0,,,75.20471241394945,379.0,0.0,400337.1119665195,,,,,,,,,,,,,0,
10,102,luxury,-114767.74664421359,664.0,4425.436788819515,1774.9360522685,0.1,31.0,58888.0,34.0,,,75.20471241394945,379.0,53248.081568055,168015.8282122686,,,,,,,,,,,,,0,
11,102,luxury,-42582.90372582566,668.0,10734.772629776446,11776.261482985106,0.1,32.0,58888.0,8.0,,,75.20471241394945,379.0,365064.1059725383,407647.00969836395,,,,,,,,,,,,,0,
12,102,luxury,-628765.4844611604,698.0,20971.781799663895,5244.180089069123,0.1,31.0,58888.0,21.0,,,75.20471241394945,379.0,167813.76285021193,796579.2473113723,,,,,,,,,,,,,0,
13,102,luxury,-182269.84572789914,715.0,10730.60306517643,7270.231095821446,0.1,32.0,58888.0,23.0,,,75.20471241394945,379.0,225377.1639704648,407647.00969836395,,,,,,,,,,,,,0,
14,102,luxury,-314213.68457385624,730.0,20962.377101788683,15066.923097179571,0.1,33.0,58888.0,8.0,,,75.20471241394945,379.0,482141.5391097463,796355.2236836025,,,,,,,,,,,,,0,
15,102,luxury,-818300.7403173757,760.0,27282.34022909072,6614.794053534646,0.1,32.0,58888.0,4.0,,,75.20471241394945,379.0,218288.20376664333,1036588.944084019,,,,,,,,,,,,,0,
16,102,luxury,-579673.5470202622,794.0,17050.068166723646,2131.4744712037004,0.1,31.0,58888.0,2.0,,,75.20471241394945,379.0,68207.18307851841,647880.7300987806,,,,,,,,,,,,,0,
17,102,luxury,-386191.17944033496,830.0,10727.643165046515,692.1235567106129,0.1,30.0,58888.0,13.0,,,75.20471241394945,379.0,21455.830258029,407647.00969836395,,,,,,,,,,,,,0,
18,102,luxury,-110536.24385622039,855.0,4421.478378487566,1915.9861452016064,0.1,31.0,58888.0,20.0,,,75.20471241394945,379.0,57479.584356048195,168015.8282122686,,,,,,,,,,,,,0,
19,102,luxury,-191717.06601791922,873.0,10650.98966683961,6871.610043070103,0.1,32.0,58888.0,33.0,,,75.20471241394945,379.0,213019.91133517318,404736.9773530924,,,,,,,,,,,,,0,
20,102,luxury,-105927.34654628253,878.0,21185.721931655888,21847.77804604631,0.1,33.0,58888.0,33.0,,,75.20471241394945,379.0,699128.897473482,805056.2440197645,,,,,,,,,,,,,0,
21,102,luxury,-138923.8291175568,883.0,27785.080535609173,27785.08335582387,0.1,34.0,58888.0,7.0,,,75.20471241394945,379.0,916907.7507421877,1055831.5798597445,,,,,,,,,,,,,0,
4,103,luxury,-234945.02916876372,308.0,6849.805612922287,1399.9974652526548,0.1,27.0,62176.0,19.0,,,92.85065443865574,196.0,36399.93409656903,271344.96326533274,,,,,,,,,,,,,0,
5,103,luxury,-7323.433461833862,309.0,22664.3858565008,15922.091655827799,0.1,28.0,62176.0,29.0,,,92.85065443865574,196.0,429896.47470735054,437219.9081691844,,,,,,,,,,,,,0,
6,103,luxury,424461.8891024244,300.0,43796.119534672,45280.01618742914,0.1,29.0,62176.0,0.0,,,92.85065443865574,196.0,1267840.4532480158,843378.5641455915,,,,,,,,,,,,,0,
7,103,luxury,-1114203.4516147007,320.0,57322.45692795652,0.0,0.1,28.0,62176.0,7.0,,,92.85065443865574,196.0,0.0,1114203.4516147007,,,,,,,,,,,,,0,
8,103,luxury,-453057.1765450717,333.0,35863.291314309936,9106.700681900791,0.1,29.0,62176.0,2.0,,,92.85065443865574,196.0,254987.61909322214,708044.7956382938,,,,,,,,,,,,,0,
9,103,luxury,-1000764.6877709498,351.0,56077.41907620895,3889.912072469839,0.1,28.0,62176.0,1.0,,,92.85065443865574,196.0,112807.45010162533,1113572.137872575,,,,,,,,,,,,,0,
10,103,luxury,-672388.9765273213,370.0,35465.63284089752,1273.422111106164,0.1,27.0,62176.0,4.0,,,92.85065443865574,196.0,35655.819110972596,708044.7956382938,,,,,,,,,,,,,0,
11,103,luxury,-349619.3404949624,386.0,21870.780942444242,3244.46546941563,0.1,28.0,62176.0,3.0,,,92.85065443865574,196.0,87600.56767422201,437219.9081691844,,,,,,,,,,,,,0,
12,103,luxury,-725238.9556903515,403.0,42674.98837601921,4573.241296715279,0.1,29.0,62176.0,20.0,,,92.85065443865574,196.0,128050.7563080278,853289.7119983793,,,,,,,,,,,,,0,
13,103,luxury,284.4369229057338,403.0,57769.63704579701,39844.56384857222,0.1,30.0,62176.0,4.0,,,92.85065443865574,196.0,1155492.3516085944,1155207.9146856887,,,,,,,,,,,,,0,
14,103,luxury,-1126570.592603207,419.0,70421.92776566544,9389.96647987029,0.1,29.0,62176.0,0.0,,,92.85065443865574,196.0,281698.9943961087,1408269.5869993158,,,,,,,,,,,,,0,
15,103,luxury,-992199.7831701209,439.0,49612.666352609886,0.0,0.1,28.0,62176.0,3.0,,,92.85065443865574,196.0,0.0,992199.7831701209,,,,,,,,,,,,,0,
16,103,luxury,-628261.4055659885,456.0,36957.402750123816,3959.882331803759,0.1,29.0,62176.0,10.0,,,92.85065443865574,196.0,110876.70529050526,739138.1108564938,,,,,,,,,,,,,0,
17,103,luxury,-584763.5445633193,466.0,58477.733434179034,20164.804749172108,0.1,30.0,62176.0,0.0,,,92.85065443865574,196.0,584779.3377259912,1169542.8822893105,,,,,,,,,,,,,0,
18,103,luxury,-1439827.612041018,486.0,71991.7780145034,0.0,0.1,29.0,62176.0,5.0,,,92.85065443865574,196.0,0.0,1439827.612041018,,,,,,,,,,,,,0,
19,103,luxury,-757065.724764558,501.0,50471.26601909015,8701.969511849775,0.1,30.0,62176.0,0.0,,,92.85065443865574,196.0,252357.1158436435,1009422.8406082015,,,,,,,,,,,,,0,
20,103,luxury,-1419554.1163181656,521.0,70977.83570290329,0.0,0.1,29.0,62176.0,1.0,,,92.85065443865574,196.0,0.0,1419554.1163181656,,,,,,,,,,,,,0,
21,103,luxury,-958951.6036936089,540.0,50471.16322789755,1740.3874798135384,0.1,30.0,62176.0,0.0,,,92.85065443865574,196.0,50471.23691459261,1009422.8406082015,,,,,,,,,,,,,0,
4,104,luxury,-44485.48311787957,244.0,6257.624446459124,18123.715344321306,0.1,10.0,51657.0,5.0,,,106.37578951428006,165.0,163113.43809889175,207598.92121677133,,,,,,,,,,,,,0,
5,104,luxury,-243602.86074755853,255.0,23525.561515133406,11981.399444693438,0.1,9.0,51657.0,7.0,,,106.37578951428006,165.0,119813.99444693438,363416.8551944929,,,,,,,,,,,,,0,
6,104,luxury,-87246.53891075999,264.0,10167.37831617665,8032.727522217937,0.1,8.0,51657.0,8.0,,,106.37578951428006,165.0,72294.54769996143,159541.08661072142,,,,,,,,,,,,,0,
7,104,luxury,-203399.45035442366,272.0,26419.321408757452,26444.820284725603,0.1,9.0,51657.0,0.0,,,106.37578951428006,165.0,211558.56227780483,414958.0126322285,,,,,,,,,,,,,0,
8,104,luxury,-210330.0689742401,288.0,13243.849338953065,0.0,0.1,8.0,51657.0,0.0,,,106.37578951428006,165.0,0.0,210330.0689742401,,,,,,,,,,,,,0,
9,104,luxury,-414958.0126322285,304.0,25983.31889260192,0.0,0.1,9.0,51657.0,16.0,,,106.37578951428006,165.0,0.0,414958.0126322285,,,,,,,,,,,,,0,
10,104,luxury,431.2485852323589,304.0,14446.821787376519,25700.011116630827,0.1,10.0,51657.0,16.0,,,106.37578951428006,165.0,231300.10004967745,230868.8514644451,,,,,,,,,,,,,0,
11,104,luxury,467.64224735769676,304.0,24103.01365515597,38562.48604731413,0.1,11.0,51657.0,12.0,,,106.37578951428006,165.0,385624.8604731413,385157.2182257836,,,,,,,,,,,,,0,
12,104,luxury,-192258.29733815172,308.0,48298.31392193848,52702.493654188955,0.1,12.0,51657.0,10.0,,,106.37578951428006,165.0,579727.4301960785,771985.7275342302,,,,,,,,,,,,,0,
13,104,luxury,-364456.7003401569,314.0,60886.54422223039,50756.88988748054,0.1,11.0,51657.0,5.0,,,106.37578951428006,165.0,609082.6786497665,973539.3789899234,,,,,,,,,,,,,0,
14,104,luxury,-403242.17639521847,325.0,36684.01264363712,16678.972116932568,0.1,10.0,51657.0,14.0,,,106.37578951428006,165.0,183468.69328625823,586710.8696814767,,,,,,,,,,,,,0,
15,104,luxury,-48010.602628017834,327.0,24076.63337307848,33714.66155977658,0.1,11.0,51657.0,14.0,,,106.37578951428006,165.0,337146.6155977658,385157.2182257836,,,,,,,,,,,,,0,
16,104,luxury,-91651.96119673154,329.0,45889.62650676516,58407.59598698888,0.1,12.0,51657.0,4.0,,,106.37578951428006,165.0,642483.5558568777,734135.5170536092,,,,,,,,,,,,,0,
17,104,luxury,-734480.7262887782,341.0,61214.39254139515,20405.894385750118,0.1,11.0,51657.0,0.0,,,106.37578951428006,165.0,244870.7326290014,979351.4589177796,,,,,,,,,,,,,0,
18,104,luxury,-630373.1600899539,357.0,39399.74806502175,0.0,0.1,10.0,51657.0,6.0,,,106.37578951428006,165.0,0.0,630373.1600899539,,,,,,,,,,,,,0,
19,104,luxury,-250748.49752655975,367.0,25075.62073052921,15045.78237311776,0.1,11.0,51657.0,3.0,,,106.37578951428006,165.0,150457.8237311776,401206.32125773735,,,,,,,,,,,,,0,
20,104,luxury,-637486.4243000459,380.0,49037.76112415887,13373.990221834725,0.1,10.0,51657.0,5.0,,,106.37578951428006,165.0,147113.89244018198,784600.316740228,,,,,,,,,,,,,0,
21,104,luxury,-275828.7210120404,391.0,25075.424754027237,12537.760024569696,0.1,9.0,51657.0,32.0,,,106.37578951428006,165.0,125377.60024569696,401206.32125773735,,,,,,,,,,,,,0,
