data/saved_data/run_2025_04_03_2018_testingbracketgraphagain/firm_data.csv
Step,AgentID,FirmType,Profit,Inventory,ProductPrice,RevenuePerEmployee,ProductionLevel,NumEmployees,EntryWage,DemandReceived,InventoryDemandRatio,SellThroughRate,ProductionCost,ProductionCapacity,Revenue,Costs,IncomeBracket,NumPeople,SpendRatio,IncomeTaxRate,PostTaxIncome,HouseholdExpense,HouseholdSavings,HealthLevel,Welfare,SkillLevel,SkillType,JobLevel,IsEmployed,Wage
4,110,luxury,170317.50907763082,361.0,6536.307799491398,63869.065904111565,0.1,9.0,77277.0,13.0,,,102.12721532034314,262.0,510952.5272328925,340635.0181552617,,,,,,,,,,,,,0,
5,110,luxury,-401626.5479899041,374.0,36806.887796687835,53857.9662055427,0.1,8.0,77277.0,5.0,,,102.12721532034314,262.0,484721.69584988436,886348.2438397885,,,,,,,,,,,,,0,
6,110,luxury,-267399.62422014214,395.0,13341.587867083505,8758.681282523614,0.1,7.0,77277.0,3.0,,,102.12721532034314,262.0,70069.45026018891,337469.07448033104,,,,,,,,,,,,,0,
7,110,luxury,-479122.5199925187,418.0,21169.87767968704,9210.255372258602,0.1,8.0,77277.0,9.0,,,102.12721532034314,262.0,64471.78760581021,543594.3075983289,,,,,,,,,,,,,0,
8,110,luxury,-212039.32229657442,435.0,12595.729714010877,14303.164537153161,0.1,9.0,77277.0,41.0,,,102.12721532034314,262.0,114425.31629722529,326464.6385937997,,,,,,,,,,,,,0,
9,110,luxury,531374.3385231912,420.0,35228.417770922315,160510.1232903047,0.1,10.0,77277.0,9.0,,,102.12721532034314,262.0,1444591.1096127424,913216.7710895513,,,,,,,,,,,,,0,
10,110,luxury,-810448.5456942975,437.0,47855.54084358235,43102.01269096996,0.1,9.0,77277.0,4.0,,,102.12721532034314,262.0,431020.12690969964,1241468.6726039972,,,,,,,,,,,,,0,
11,110,luxury,-553765.7355568268,459.0,25206.737506372974,11216.756061268745,0.1,8.0,77277.0,0.0,,,102.12721532034314,262.0,100950.80455141871,654716.5401082456,,,,,,,,,,,,,0,
12,110,luxury,-330907.2091127748,485.0,12731.681213001279,0.0,0.1,7.0,77277.0,0.0,,,102.12721532034314,262.0,0.0,330907.2091127748,,,,,,,,,,,,,0,
13,110,luxury,-543594.3075983289,511.0,20909.312988405443,0.0,0.1,8.0,77277.0,44.0,,,102.12721532034314,262.0,0.0,543594.3075983289,,,,,,,,,,,,,0,
14,110,luxury,226532.67292224953,493.0,12583.160493460628,69209.5174968292,0.1,9.0,77277.0,1.0,,,102.12721532034314,262.0,553676.1399746336,327143.46705238405,,,,,,,,,,,,,0,
15,110,luxury,-864436.5281631347,518.0,34579.022766944036,3842.1687453096156,0.1,8.0,77277.0,4.0,,,102.12721532034314,262.0,34579.51870778654,899016.0468709213,,,,,,,,,,,,,0,
16,110,luxury,-276811.54307962273,540.0,12582.68353524825,6291.4904965951655,0.1,9.0,77277.0,12.0,,,102.12721532034314,262.0,50331.923972761324,327143.46705238405,,,,,,,,,,,,,0,
17,110,luxury,-477345.6241602871,554.0,34097.30459304915,45463.11843523415,0.1,10.0,77277.0,0.0,,,102.12721532034314,262.0,409168.0659171074,886513.6900773945,,,,,,,,,,,,,0,
18,110,luxury,-1245430.4740281291,580.0,47901.6535567536,0.0,0.1,9.0,77277.0,10.0,,,102.12721532034314,262.0,0.0,1245430.4740281291,,,,,,,,,,,,,0,
19,110,luxury,-422188.261262114,596.0,26386.998276807455,29319.109971222744,0.1,10.0,77277.0,0.0,,,102.12721532034314,262.0,263871.9897410047,686060.2510031187,,,,,,,,,,,,,0,
20,110,luxury,-1246819.889669725,622.0,47954.700020541386,0.0,0.1,9.0,77277.0,4.0,,,102.12721532034314,262.0,0.0,1246819.889669725,,,,,,,,,,,,,0,
21,110,luxury,-580512.3203971535,644.0,26386.94419615724,11727.547845107245,0.1,10.0,77277.0,9.0,,,102.12721532034314,262.0,105547.9306059652,686060.2510031187,,,,,,,,,,,,,0,
4,111,luxury,-303776.3625536623,235.0,11028.402371736734,1398.45895804755,0.1,18.0,76402.0,32.0,,,86.7656845153744,137.0,23773.80228680835,327550.1648404706,,,,,,,,,,,,,0,
5,111,luxury,1186731.9308125775,217.0,63981.82166101836,113507.57872033244,0.1,19.0,76402.0,0.0,,,86.7656845153744,137.0,2043136.416965984,856404.4861534066,,,,,,,,,,,,,0,
6,111,luxury,-1186890.0517856278,231.0,87309.26854402828,0.0,0.1,18.0,76402.0,0.0,,,86.7656845153744,137.0,0.0,1186890.0517856278,,,,,,,,,,,,,0,
7,111,luxury,-656560.7138359306,245.0,47527.334854479166,0.0,0.1,19.0,76402.0,7.0,,,86.7656845153744,137.0,0.0,656560.7138359306,,,,,,,,,,,,,0,
8,111,luxury,-593224.0239978855,252.0,86419.90341274856,32072.795680564293,0.1,20.0,76402.0,1.0,,,86.7656845153744,137.0,609383.1179307216,1202607.1419286071,,,,,,,,,,,,,0,
9,111,luxury,-1307481.8123870967,265.0,100956.94637768474,5061.537022517417,0.1,19.0,76402.0,3.0,,,86.7656845153744,137.0,101230.74045034836,1408712.552837445,,,,,,,,,,,,,0,
10,111,luxury,-677194.3397241528,276.0,61670.23436278998,9761.672895821863,0.1,20.0,76402.0,3.0,,,86.7656845153744,137.0,185471.78502061538,862666.1247447681,,,,,,,,,,,,,0,
11,111,luxury,-1127819.3621542805,287.0,102616.22501859588,15395.632164506625,0.1,21.0,76402.0,3.0,,,86.7656845153744,137.0,307912.6432901325,1435732.005444413,,,,,,,,,,,,,0,
12,111,luxury,-1411845.7830743338,298.0,128403.45641337718,18350.21328853546,0.1,22.0,76402.0,1.0,,,86.7656845153744,137.0,385354.4790592446,1797200.2621335785,,,,,,,,,,,,,0,
13,111,luxury,-2168925.573024399,311.0,166860.26344613108,7585.692898031222,0.1,21.0,76402.0,0.0,,,86.7656845153744,137.0,166885.2437566869,2335810.816781086,,,,,,,,,,,,,0,
14,111,luxury,-1797200.2621335785,325.0,128375.9206861186,0.0,0.1,20.0,76402.0,0.0,,,86.7656845153744,137.0,0.0,1797200.2621335785,,,,,,,,,,,,,0,
15,111,luxury,-1224134.3814339337,339.0,87438.92716300033,0.0,0.1,21.0,76402.0,2.0,,,86.7656845153744,137.0,0.0,1224134.3814339337,,,,,,,,,,,,,0,
16,111,luxury,-1527560.567475174,351.0,127297.16788848228,12123.620040562648,0.1,22.0,76402.0,0.0,,,86.7656845153744,137.0,254596.0208518156,1782156.5883269897,,,,,,,,,,,,,0,
17,111,luxury,-2334965.181427423,365.0,166783.41552652244,0.0,0.1,21.0,76402.0,0.0,,,86.7656845153744,137.0,0.0,2334965.181427423,,,,,,,,,,,,,0,
18,111,luxury,-1782156.5883269897,379.0,127296.95883276721,0.0,0.1,22.0,76402.0,0.0,,,86.7656845153744,137.0,0.0,1782156.5883269897,,,,,,,,,,,,,0,
19,111,luxury,-2325266.176422676,393.0,166090.45173780867,0.0,0.1,23.0,76402.0,0.0,,,86.7656845153744,137.0,0.0,2325266.176422676,,,,,,,,,,,,,0,
20,111,luxury,-2684204.4039697424,407.0,191728.8787755449,0.0,0.1,24.0,76402.0,1.0,,,86.7656845153744,137.0,0.0,2684204.4039697424,,,,,,,,,,,,,0,
21,111,luxury,-2694881.358292509,420.0,207298.5535033496,8637.440564961433,0.1,25.0,76402.0,0.0,,,86.7656845153744,137.0,207298.57355907437,2902179.931851583,,,,,,,,,,,,,0,
